Archive member included to satisfy reference by file (symbol)

d:/arm-none-eabi-gcc/2021.10/bin/../lib/gcc/arm-none-eabi/10.3.1/thumb/v7e-m+fp/hard\libgcc.a(_arm_muldf3.o)
                              CMakeFiles/V2.elf.dir/Drivers/bsp/task/kinematics/kinematics_task.c.obj (__aeabi_dmul)
d:/arm-none-eabi-gcc/2021.10/bin/../lib/gcc/arm-none-eabi/10.3.1/thumb/v7e-m+fp/hard\libgcc.a(_arm_addsubdf3.o)
                              CMakeFiles/V2.elf.dir/Drivers/bsp/task/kinematics/kinematics_task.c.obj (__aeabi_dsub)
d:/arm-none-eabi-gcc/2021.10/bin/../lib/gcc/arm-none-eabi/10.3.1/thumb/v7e-m+fp/hard\libgcc.a(_arm_muldivdf3.o)
                              CMakeFiles/V2.elf.dir/Drivers/bsp/task/kinematics/kinematics_task.c.obj (__aeabi_ddiv)
d:/arm-none-eabi-gcc/2021.10/bin/../lib/gcc/arm-none-eabi/10.3.1/thumb/v7e-m+fp/hard\libgcc.a(_arm_cmpdf2.o)
                              CMakeFiles/V2.elf.dir/dsplib/DSP/Src/MatrixFunctions/MatrixFunctions.c.obj (__aeabi_dcmpeq)
d:/arm-none-eabi-gcc/2021.10/bin/../lib/gcc/arm-none-eabi/10.3.1/thumb/v7e-m+fp/hard\libgcc.a(_arm_truncdfsf2.o)
                              CMakeFiles/V2.elf.dir/Drivers/bsp/task/kinematics/kinematics_task.c.obj (__aeabi_d2f)
d:/arm-none-eabi-gcc/2021.10/bin/../lib/gcc/arm-none-eabi/10.3.1/thumb/v7e-m+fp/hard\libgcc.a(_aeabi_uldivmod.o)
                              CMakeFiles/V2.elf.dir/Drivers/STM32F4xx_HAL_Driver/Src/stm32f4xx_hal_rcc.c.obj (__aeabi_uldivmod)
d:/arm-none-eabi-gcc/2021.10/bin/../lib/gcc/arm-none-eabi/10.3.1/thumb/v7e-m+fp/hard\libgcc.a(_udivmoddi4.o)
                              d:/arm-none-eabi-gcc/2021.10/bin/../lib/gcc/arm-none-eabi/10.3.1/thumb/v7e-m+fp/hard\libgcc.a(_aeabi_uldivmod.o) (__udivmoddi4)
d:/arm-none-eabi-gcc/2021.10/bin/../lib/gcc/arm-none-eabi/10.3.1/thumb/v7e-m+fp/hard\libgcc.a(_dvmd_tls.o)
                              d:/arm-none-eabi-gcc/2021.10/bin/../lib/gcc/arm-none-eabi/10.3.1/thumb/v7e-m+fp/hard\libgcc.a(_aeabi_uldivmod.o) (__aeabi_ldiv0)
d:/arm-none-eabi-gcc/2021.10/bin/../lib/gcc/arm-none-eabi/10.3.1/../../../../arm-none-eabi/lib/thumb/v7e-m+fp/hard\libg.a(lib_a-errno.o)
                              CMakeFiles/V2.elf.dir/Src/syscalls.c.obj (__errno)
d:/arm-none-eabi-gcc/2021.10/bin/../lib/gcc/arm-none-eabi/10.3.1/../../../../arm-none-eabi/lib/thumb/v7e-m+fp/hard\libg.a(lib_a-exit.o)
                              d:/arm-none-eabi-gcc/2021.10/bin/../lib/gcc/arm-none-eabi/10.3.1/../../../../arm-none-eabi/lib/thumb/v7e-m+fp/hard/crt0.o (exit)
d:/arm-none-eabi-gcc/2021.10/bin/../lib/gcc/arm-none-eabi/10.3.1/../../../../arm-none-eabi/lib/thumb/v7e-m+fp/hard\libg.a(lib_a-impure.o)
                              d:/arm-none-eabi-gcc/2021.10/bin/../lib/gcc/arm-none-eabi/10.3.1/../../../../arm-none-eabi/lib/thumb/v7e-m+fp/hard\libg.a(lib_a-exit.o) (_global_impure_ptr)
d:/arm-none-eabi-gcc/2021.10/bin/../lib/gcc/arm-none-eabi/10.3.1/../../../../arm-none-eabi/lib/thumb/v7e-m+fp/hard\libg.a(lib_a-init.o)
                              d:/arm-none-eabi-gcc/2021.10/bin/../lib/gcc/arm-none-eabi/10.3.1/../../../../arm-none-eabi/lib/thumb/v7e-m+fp/hard/crt0.o (__libc_init_array)
d:/arm-none-eabi-gcc/2021.10/bin/../lib/gcc/arm-none-eabi/10.3.1/../../../../arm-none-eabi/lib/thumb/v7e-m+fp/hard\libg.a(lib_a-memcpy.o)
                              CMakeFiles/V2.elf.dir/Drivers/FreeRTOS_M4_gcc/src/queue.c.obj (memcpy)
d:/arm-none-eabi-gcc/2021.10/bin/../lib/gcc/arm-none-eabi/10.3.1/../../../../arm-none-eabi/lib/thumb/v7e-m+fp/hard\libg.a(lib_a-memset.o)
                              d:/arm-none-eabi-gcc/2021.10/bin/../lib/gcc/arm-none-eabi/10.3.1/../../../../arm-none-eabi/lib/thumb/v7e-m+fp/hard/crt0.o (memset)
d:/arm-none-eabi-gcc/2021.10/bin/../lib/gcc/arm-none-eabi/10.3.1/../../../../arm-none-eabi/lib/thumb/v7e-m+fp/hard\libg.a(lib_a-printf.o)
                              CMakeFiles/V2.elf.dir/Drivers/bsp/task/Usart/usart_task.c.obj (printf)
d:/arm-none-eabi-gcc/2021.10/bin/../lib/gcc/arm-none-eabi/10.3.1/../../../../arm-none-eabi/lib/thumb/v7e-m+fp/hard\libg.a(lib_a-puts.o)
                              CMakeFiles/V2.elf.dir/Src/main.c.obj (puts)
d:/arm-none-eabi-gcc/2021.10/bin/../lib/gcc/arm-none-eabi/10.3.1/../../../../arm-none-eabi/lib/thumb/v7e-m+fp/hard\libg.a(lib_a-sprintf.o)
                              CMakeFiles/V2.elf.dir/Drivers/bsp/task/App/app_task.c.obj (sprintf)
d:/arm-none-eabi-gcc/2021.10/bin/../lib/gcc/arm-none-eabi/10.3.1/../../../../arm-none-eabi/lib/thumb/v7e-m+fp/hard\libg.a(lib_a-strlen.o)
                              d:/arm-none-eabi-gcc/2021.10/bin/../lib/gcc/arm-none-eabi/10.3.1/../../../../arm-none-eabi/lib/thumb/v7e-m+fp/hard\libg.a(lib_a-puts.o) (strlen)
d:/arm-none-eabi-gcc/2021.10/bin/../lib/gcc/arm-none-eabi/10.3.1/../../../../arm-none-eabi/lib/thumb/v7e-m+fp/hard\libg.a(lib_a-strtod.o)
                              CMakeFiles/V2.elf.dir/Drivers/bsp/task/Usart/usart_task.c.obj (strtof)
[...]
Memory Configuration

Name             Origin             Length             Attributes
RAM              0x20000000         0x00020000         xrw
FLASH            0x08000000         0x00080000         xr
*default*        0x00000000         0xffffffff

Linker script and memory map

LOAD d:/arm-none-eabi-gcc/2021.10/bin/../lib/gcc/arm-none-eabi/10.3.1/thumb/v7e-m+fp/hard/crti.o
LOAD d:/arm-none-eabi-gcc/2021.10/bin/../lib/gcc/arm-none-eabi/10.3.1/thumb/v7e-m+fp/hard/crtbegin.o
LOAD d:/arm-none-eabi-gcc/2021.10/bin/../lib/gcc/arm-none-eabi/10.3.1/../../../../arm-none-eabi/lib/thumb/v7e-m+fp/hard/crt0.o
LOAD CMakeFiles/V2.elf.dir/Drivers/FreeRTOS_M4_gcc/portable/MemMang/heap_4.c.obj
LOAD CMakeFiles/V2.elf.dir/Drivers/FreeRTOS_M4_gcc/portable/RVDS/ARM_CM4F/port.c.obj
LOAD CMakeFiles/V2.elf.dir/Drivers/FreeRTOS_M4_gcc/src/croutine.c.obj
LOAD CMakeFiles/V2.elf.dir/Drivers/FreeRTOS_M4_gcc/src/event_groups.c.obj
LOAD CMakeFiles/V2.elf.dir/Drivers/FreeRTOS_M4_gcc/src/list.c.obj
LOAD CMakeFiles/V2.elf.dir/Drivers/FreeRTOS_M4_gcc/src/queue.c.obj
LOAD CMakeFiles/V2.elf.dir/Drivers/FreeRTOS_M4_gcc/src/stream_buffer.c.obj
LOAD CMakeFiles/V2.elf.dir/Drivers/FreeRTOS_M4_gcc/src/tasks.c.obj
LOAD CMakeFiles/V2.elf.dir/Drivers/FreeRTOS_M4_gcc/src/timers.c.obj
LOAD CMakeFiles/V2.elf.dir/Drivers/STM32F4xx_HAL_Driver/Src/stm32f4xx_hal.c.obj
LOAD CMakeFiles/V2.elf.dir/Drivers/STM32F4xx_HAL_Driver/Src/stm32f4xx_hal_cortex.c.obj
LOAD CMakeFiles/V2.elf.dir/Drivers/STM32F4xx_HAL_Driver/Src/stm32f4xx_hal_dma.c.obj
LOAD CMakeFiles/V2.elf.dir/Drivers/STM32F4xx_HAL_Driver/Src/stm32f4xx_hal_dma_ex.c.obj
LOAD CMakeFiles/V2.elf.dir/Drivers/STM32F4xx_HAL_Driver/Src/stm32f4xx_hal_exti.c.obj
LOAD CMakeFiles/V2.elf.dir/Drivers/STM32F4xx_HAL_Driver/Src/stm32f4xx_hal_flash.c.obj
LOAD CMakeFiles/V2.elf.dir/Drivers/STM32F4xx_HAL_Driver/Src/stm32f4xx_hal_flash_ex.c.obj
LOAD CMakeFiles/V2.elf.dir/Drivers/STM32F4xx_HAL_Driver/Src/stm32f4xx_hal_flash_ramfunc.c.obj
LOAD CMakeFiles/V2.elf.dir/Drivers/STM32F4xx_HAL_Driver/Src/stm32f4xx_hal_gpio.c.obj
LOAD CMakeFiles/V2.elf.dir/Drivers/STM32F4xx_HAL_Driver/Src/stm32f4xx_hal_i2c.c.obj
LOAD CMakeFiles/V2.elf.dir/Drivers/STM32F4xx_HAL_Driver/Src/stm32f4xx_hal_i2c_ex.c.obj
LOAD CMakeFiles/V2.elf.dir/Drivers/STM32F4xx_HAL_Driver/Src/stm32f4xx_hal_pwr.c.obj
LOAD CMakeFiles/V2.elf.dir/Drivers/STM32F4xx_HAL_Driver/Src/stm32f4xx_hal_pwr_ex.c.obj
LOAD CMakeFiles/V2.elf.dir/Drivers/STM32F4xx_HAL_Driver/Src/stm32f4xx_hal_rcc.c.obj
LOAD CMakeFiles/V2.elf.dir/Drivers/STM32F4xx_HAL_Driver/Src/stm32f4xx_hal_rcc_ex.c.obj
LOAD CMakeFiles/V2.elf.dir/Drivers/STM32F4xx_HAL_Driver/Src/stm32f4xx_hal_tim.c.obj
LOAD CMakeFiles/V2.elf.dir/Drivers/STM32F4xx_HAL_Driver/Src/stm32f4xx_hal_tim_ex.c.obj
LOAD CMakeFiles/V2.elf.dir/Drivers/STM32F4xx_HAL_Driver/Src/stm32f4xx_hal_uart.c.obj
LOAD CMakeFiles/V2.elf.dir/Drivers/bsp/Step_Motor/motor.c.obj
LOAD CMakeFiles/V2.elf.dir/Drivers/bsp/oled_u8g2_hw_iic/csrc/u8g2_bitmap.c.obj
LOAD CMakeFiles/V2.elf.dir/Drivers/bsp/oled_u8g2_hw_iic/csrc/u8g2_box.c.obj
LOAD CMakeFiles/V2.elf.dir/Drivers/bsp/oled_u8g2_hw_iic/csrc/u8g2_buffer.c.obj
LOAD CMakeFiles/V2.elf.dir/Drivers/bsp/oled_u8g2_hw_iic/csrc/u8g2_circle.c.obj
LOAD CMakeFiles/V2.elf.dir/Drivers/bsp/oled_u8g2_hw_iic/csrc/u8g2_cleardisplay.c.obj
LOAD CMakeFiles/V2.elf.dir/Drivers/bsp/oled_u8g2_hw_iic/csrc/u8g2_d_memory.c.obj
LOAD CMakeFiles/V2.elf.dir/Drivers/bsp/oled_u8g2_hw_iic/csrc/u8g2_d_setup.c.obj
LOAD CMakeFiles/V2.elf.dir/Drivers/bsp/oled_u8g2_hw_iic/csrc/u8g2_font.c.obj
LOAD CMakeFiles/V2.elf.dir/Drivers/bsp/oled_u8g2_hw_iic/csrc/u8g2_fonts.c.obj
LOAD CMakeFiles/V2.elf.dir/Drivers/bsp/oled_u8g2_hw_iic/csrc/u8g2_hvline.c.obj
LOAD CMakeFiles/V2.elf.dir/Drivers/bsp/oled_u8g2_hw_iic/csrc/u8g2_input_value.c.obj
LOAD CMakeFiles/V2.elf.dir/Drivers/bsp/oled_u8g2_hw_iic/csrc/u8g2_intersection.c.obj
LOAD CMakeFiles/V2.elf.dir/Drivers/bsp/oled_u8g2_hw_iic/csrc/u8g2_kerning.c.obj
LOAD CMakeFiles/V2.elf.dir/Drivers/bsp/oled_u8g2_hw_iic/csrc/u8g2_line.c.obj
LOAD CMakeFiles/V2.elf.dir/Drivers/bsp/oled_u8g2_hw_iic/csrc/u8g2_ll_hvline.c.obj
LOAD CMakeFiles/V2.elf.dir/Drivers/bsp/oled_u8g2_hw_iic/csrc/u8g2_message.c.obj
LOAD CMakeFiles/V2.elf.dir/Drivers/bsp/oled_u8g2_hw_iic/csrc/u8g2_polygon.c.obj
LOAD CMakeFiles/V2.elf.dir/Drivers/bsp/oled_u8g2_hw_iic/csrc/u8g2_selection_list.c.obj
LOAD CMakeFiles/V2.elf.dir/Drivers/bsp/oled_u8g2_hw_iic/csrc/u8g2_setup.c.obj
LOAD CMakeFiles/V2.elf.dir/Drivers/bsp/oled_u8g2_hw_iic/csrc/u8log.c.obj
LOAD CMakeFiles/V2.elf.dir/Drivers/bsp/oled_u8g2_hw_iic/csrc/u8log_u8g2.c.obj
LOAD CMakeFiles/V2.elf.dir/Drivers/bsp/oled_u8g2_hw_iic/csrc/u8log_u8x8.c.obj
LOAD CMakeFiles/V2.elf.dir/Drivers/bsp/oled_u8g2_hw_iic/csrc/u8x8_8x8.c.obj
LOAD CMakeFiles/V2.elf.dir/Drivers/bsp/oled_u8g2_hw_iic/csrc/u8x8_byte.c.obj
LOAD CMakeFiles/V2.elf.dir/Drivers/bsp/oled_u8g2_hw_iic/csrc/u8x8_cad.c.obj
LOAD CMakeFiles/V2.elf.dir/Drivers/bsp/oled_u8g2_hw_iic/csrc/u8x8_capture.c.obj
LOAD CMakeFiles/V2.elf.dir/Drivers/bsp/oled_u8g2_hw_iic/csrc/u8x8_d_ssd1306_128x64_noname.c.obj
LOAD CMakeFiles/V2.elf.dir/Drivers/bsp/oled_u8g2_hw_iic/csrc/u8x8_debounce.c.obj
LOAD CMakeFiles/V2.elf.dir/Drivers/bsp/oled_u8g2_hw_iic/csrc/u8x8_display.c.obj
LOAD CMakeFiles/V2.elf.dir/Drivers/bsp/oled_u8g2_hw_iic/csrc/u8x8_fonts.c.obj
LOAD CMakeFiles/V2.elf.dir/Drivers/bsp/oled_u8g2_hw_iic/csrc/u8x8_gpio.c.obj
LOAD CMakeFiles/V2.elf.dir/Drivers/bsp/oled_u8g2_hw_iic/csrc/u8x8_input_value.c.obj
LOAD CMakeFiles/V2.elf.dir/Drivers/bsp/oled_u8g2_hw_iic/csrc/u8x8_message.c.obj
LOAD CMakeFiles/V2.elf.dir/Drivers/bsp/oled_u8g2_hw_iic/csrc/u8x8_selection_list.c.obj
LOAD CMakeFiles/V2.elf.dir/Drivers/bsp/oled_u8g2_hw_iic/csrc/u8x8_setup.c.obj
LOAD CMakeFiles/V2.elf.dir/Drivers/bsp/oled_u8g2_hw_iic/csrc/u8x8_string.c.obj
LOAD CMakeFiles/V2.elf.dir/Drivers/bsp/oled_u8g2_hw_iic/csrc/u8x8_u16toa.c.obj
LOAD CMakeFiles/V2.elf.dir/Drivers/bsp/oled_u8g2_hw_iic/csrc/u8x8_u8toa.c.obj
LOAD CMakeFiles/V2.elf.dir/Drivers/bsp/oled_u8g2_hw_iic/oled_driver/oled.c.obj
LOAD CMakeFiles/V2.elf.dir/Drivers/bsp/task/App/app_task.c.obj
LOAD CMakeFiles/V2.elf.dir/Drivers/bsp/task/Motor/motor_task.c.obj
LOAD CMakeFiles/V2.elf.dir/Drivers/bsp/task/Timer/timer_task.c.obj
LOAD CMakeFiles/V2.elf.dir/Drivers/bsp/task/Usart/usart_task.c.obj
LOAD CMakeFiles/V2.elf.dir/Drivers/bsp/task/kinematics/kinematics_task.c.obj
LOAD CMakeFiles/V2.elf.dir/Src/gpio.c.obj
LOAD CMakeFiles/V2.elf.dir/Src/i2c.c.obj
LOAD CMakeFiles/V2.elf.dir/Src/main.c.obj
LOAD CMakeFiles/V2.elf.dir/Src/stm32f4xx_hal_msp.c.obj
LOAD CMakeFiles/V2.elf.dir/Src/stm32f4xx_hal_timebase_tim.c.obj
LOAD CMakeFiles/V2.elf.dir/Src/stm32f4xx_it.c.obj
LOAD CMakeFiles/V2.elf.dir/Src/syscalls.c.obj
LOAD CMakeFiles/V2.elf.dir/Src/sysmem.c.obj
LOAD CMakeFiles/V2.elf.dir/Src/system_stm32f4xx.c.obj
LOAD CMakeFiles/V2.elf.dir/Src/tim.c.obj
LOAD CMakeFiles/V2.elf.dir/Src/usart.c.obj
LOAD CMakeFiles/V2.elf.dir/Startup/startup_stm32f411ceux.s.obj
LOAD CMakeFiles/V2.elf.dir/dsplib/DSP/Src/BasicMathFunctions/BasicMathFunctions.c.obj
LOAD CMakeFiles/V2.elf.dir/dsplib/DSP/Src/MatrixFunctions/MatrixFunctions.c.obj
START GROUP
LOAD d:/arm-none-eabi-gcc/2021.10/bin/../lib/gcc/arm-none-eabi/10.3.1/thumb/v7e-m+fp/hard\libgcc.a
LOAD d:/arm-none-eabi-gcc/2021.10/bin/../lib/gcc/arm-none-eabi/10.3.1/../../../../arm-none-eabi/lib/thumb/v7e-m+fp/hard\libg.a
LOAD d:/arm-none-eabi-gcc/2021.10/bin/../lib/gcc/arm-none-eabi/10.3.1/../../../../arm-none-eabi/lib/thumb/v7e-m+fp/hard\libc.a
END GROUP
LOAD d:/arm-none-eabi-gcc/2021.10/bin/../lib/gcc/arm-none-eabi/10.3.1/thumb/v7e-m+fp/hard/crtend.o
LOAD d:/arm-none-eabi-gcc/2021.10/bin/../lib/gcc/arm-none-eabi/10.3.1/thumb/v7e-m+fp/hard/crtn.o
                0x20020000                _estack = (ORIGIN (RAM) + LENGTH (RAM))
                0x00000200                _Min_Heap_Size = 0x200
                0x00000400                _Min_Stack_Size = 0x400

.isr_vector     0x08000000      0x198
                0x08000000                . = ALIGN (0x4)
 *(.isr_vector)
 .isr_vector    0x08000000      0x198 CMakeFiles/V2.elf.dir/Startup/startup_stm32f411ceux.s.obj
                0x08000000                g_pfnVectors
                0x08000198                . = ALIGN (0x4)

.text           0x080001c0    0x12bec
                0x080001c0                . = ALIGN (0x4)
 *(.text)
 .text          0x080001c0       0x40 d:/arm-none-eabi-gcc/2021.10/bin/../lib/gcc/arm-none-eabi/10.3.1/thumb/v7e-m+fp/hard/crtbegin.o
 .text          0x08000200      0x378 d:/arm-none-eabi-gcc/2021.10/bin/../lib/gcc/arm-none-eabi/10.3.1/thumb/v7e-m+fp/hard\libgcc.a(_arm_addsubdf3.o)
                0x08000200                __aeabi_drsub
                0x08000208                __subdf3
                0x08000208                __aeabi_dsub
                0x0800020c                __aeabi_dadd
                0x0800020c                __adddf3
                0x08000484                __floatunsidf
                0x08000484                __aeabi_ui2d
                0x080004a4                __aeabi_i2d
                0x080004a4                __floatsidf
                0x080004c8                __extendsfdf2
                0x080004c8                __aeabi_f2d
                0x0800050c                __floatundidf
                0x0800050c                __aeabi_ul2d
                0x0800051c                __aeabi_l2d
                0x0800051c                __floatdidf
 .text          0x08000578      0x424 d:/arm-none-eabi-gcc/2021.10/bin/../lib/gcc/arm-none-eabi/10.3.1/thumb/v7e-m+fp/hard\libgcc.a(_arm_muldivdf3.o)
                0x08000578                __aeabi_dmul
                0x08000578                __muldf3
                0x080007cc                __divdf3
                0x080007cc                __aeabi_ddiv
 .text          0x0800099c      0x110 d:/arm-none-eabi-gcc/2021.10/bin/../lib/gcc/arm-none-eabi/10.3.1/thumb/v7e-m+fp/hard\libgcc.a(_arm_cmpdf2.o)
                0x0800099c                __gtdf2
                0x0800099c                __gedf2
                0x080009a4                __ltdf2
                0x080009a4                __ledf2
                0x080009ac                __nedf2
                0x080009ac                __cmpdf2
                0x080009ac                __eqdf2
                0x08000a28                __aeabi_cdrcmple
                0x08000a38                __aeabi_cdcmple
                0x08000a38                __aeabi_cdcmpeq
                0x08000a48                __aeabi_dcmpeq
                0x08000a5c                __aeabi_dcmplt
                0x08000a70                __aeabi_dcmple
                0x08000a84                __aeabi_dcmpge
                0x08000a98                __aeabi_dcmpgt
 .text          0x08000aac       0xa0 d:/arm-none-eabi-gcc/2021.10/bin/../lib/gcc/arm-none-eabi/10.3.1/thumb/v7e-m+fp/hard\libgcc.a(_arm_truncdfsf2.o)
                0x08000aac                __truncdfsf2
                0x08000aac                __aeabi_d2f
 .text          0x08000b4c       0x30 d:/arm-none-eabi-gcc/2021.10/bin/../lib/gcc/arm-none-eabi/10.3.1/thumb/v7e-m+fp/hard\libgcc.a(_aeabi_uldivmod.o)
                0x08000b4c                __aeabi_uldivmod
 .text          0x08000b7c      0x2d0 d:/arm-none-eabi-gcc/2021.10/bin/../lib/gcc/arm-none-eabi/10.3.1/thumb/v7e-m+fp/hard\libgcc.a(_udivmoddi4.o)
                0x08000b7c                __udivmoddi4
 .text          0x08000e4c        0x4 d:/arm-none-eabi-gcc/2021.10/bin/../lib/gcc/arm-none-eabi/10.3.1/thumb/v7e-m+fp/hard\libgcc.a(_dvmd_tls.o)
                0x08000e4c                __aeabi_idiv0
                0x08000e4c                __aeabi_ldiv0
 .text          0x08000e50      0x134 d:/arm-none-eabi-gcc/2021.10/bin/../lib/gcc/arm-none-eabi/10.3.1/../../../../arm-none-eabi/lib/thumb/v7e-m+fp/hard\libg.a(lib_a-memcpy.o)
                0x08000e50                memcpy
 *fill*         0x08000f84       0x3c 
 .text          0x08000fc0       0xdc d:/arm-none-eabi-gcc/2021.10/bin/../lib/gcc/arm-none-eabi/10.3.1/../../../../arm-none-eabi/lib/thumb/v7e-m+fp/hard\libg.a(lib_a-strlen.o)
                0x08000fc0                strlen
 *fill*         0x0800109c        0x4 
 .text          0x080010a0       0xa0 d:/arm-none-eabi-gcc/2021.10/bin/../lib/gcc/arm-none-eabi/10.3.1/../../../../arm-none-eabi/lib/thumb/v7e-m+fp/hard\libg.a(lib_a-memchr.o)
                0x080010a0                memchr
 .text          0x08001140       0x2c d:/arm-none-eabi-gcc/2021.10/bin/../lib/gcc/arm-none-eabi/10.3.1/thumb/v7e-m+fp/hard\libgcc.a(_arm_unorddf2.o)
                0x08001140                __unorddf2
                0x08001140                __aeabi_dcmpun
 .text          0x0800116c       0x50 d:/arm-none-eabi-gcc/2021.10/bin/../lib/gcc/arm-none-eabi/10.3.1/thumb/v7e-m+fp/hard\libgcc.a(_arm_fixdfsi.o)
                0x0800116c                __fixdfsi
                0x0800116c                __aeabi_d2iz
 *(.text*)
 .text.prvHeapInit
                0x080011bc       0x58 CMakeFiles/V2.elf.dir/Drivers/FreeRTOS_M4_gcc/portable/MemMang/heap_4.c.obj
 .text.prvInsertBlockIntoFreeList
                0x08001214       0x64 CMakeFiles/V2.elf.dir/Drivers/FreeRTOS_M4_gcc/portable/MemMang/heap_4.c.obj
 .text.pvPortMalloc
                0x08001278       0xf8 CMakeFiles/V2.elf.dir/Drivers/FreeRTOS_M4_gcc/portable/MemMang/heap_4.c.obj
                0x08001278                pvPortMalloc
 .text.vPortFree
                0x08001370       0x78 CMakeFiles/V2.elf.dir/Drivers/FreeRTOS_M4_gcc/portable/MemMang/heap_4.c.obj
                0x08001370                vPortFree
 .text.prvTaskExitError
                0x080013e8       0x40 CMakeFiles/V2.elf.dir/Drivers/FreeRTOS_M4_gcc/portable/RVDS/ARM_CM4F/port.c.obj
 .text.prvPortStartFirstTask
                0x08001428       0x28 CMakeFiles/V2.elf.dir/Drivers/FreeRTOS_M4_gcc/portable/RVDS/ARM_CM4F/port.c.obj
 .text.vPortEnableVFP
                0x08001450       0x14 CMakeFiles/V2.elf.dir/Drivers/FreeRTOS_M4_gcc/portable/RVDS/ARM_CM4F/port.c.obj
 .text.pxPortInitialiseStack
                0x08001464       0x2c CMakeFiles/V2.elf.dir/Drivers/FreeRTOS_M4_gcc/portable/RVDS/ARM_CM4F/port.c.obj
                0x08001464                pxPortInitialiseStack
 .text.SVC_Handler
                0x08001490       0x24 CMakeFiles/V2.elf.dir/Drivers/FreeRTOS_M4_gcc/portable/RVDS/ARM_CM4F/port.c.obj
                0x08001490                SVC_Handler
 .text.vPortEnterCritical
                0x080014b4       0x44 CMakeFiles/V2.elf.dir/Drivers/FreeRTOS_M4_gcc/portable/RVDS/ARM_CM4F/port.c.obj
                0x080014b4                vPortEnterCritical
 .text.vPortExitCritical
                0x080014f8       0x2c CMakeFiles/V2.elf.dir/Drivers/FreeRTOS_M4_gcc/portable/RVDS/ARM_CM4F/port.c.obj
                0x080014f8                vPortExitCritical
 *fill*         0x08001524        0xc 
 .text.PendSV_Handler
                0x08001530       0x64 CMakeFiles/V2.elf.dir/Drivers/FreeRTOS_M4_gcc/portable/RVDS/ARM_CM4F/port.c.obj
                0x08001530                PendSV_Handler
 .text.xPortSysTickHandler
                0x08001594       0x2c CMakeFiles/V2.elf.dir/Drivers/FreeRTOS_M4_gcc/portable/RVDS/ARM_CM4F/port.c.obj
                0x08001594                xPortSysTickHandler
 .text.vPortSetupTimerInterrupt
                0x080015c0       0x28 CMakeFiles/V2.elf.dir/Drivers/FreeRTOS_M4_gcc/portable/RVDS/ARM_CM4F/port.c.obj
                0x080015c0                vPortSetupTimerInterrupt
 .text.xPortStartScheduler
                0x080015e8      0x118 CMakeFiles/V2.elf.dir/Drivers/FreeRTOS_M4_gcc/portable/RVDS/ARM_CM4F/port.c.obj
                0x080015e8                xPortStartScheduler
 .text.vPortValidateInterruptPriority
                0x08001700       0x5c CMakeFiles/V2.elf.dir/Drivers/FreeRTOS_M4_gcc/portable/RVDS/ARM_CM4F/port.c.obj
                0x08001700                vPortValidateInterruptPriority
 .text.vListInitialise
                0x0800175c       0x16 CMakeFiles/V2.elf.dir/Drivers/FreeRTOS_M4_gcc/src/list.c.obj
                0x0800175c                vListInitialise
 .text.vListInitialiseItem
                0x08001772        0x6 CMakeFiles/V2.elf.dir/Drivers/FreeRTOS_M4_gcc/src/list.c.obj
                0x08001772                vListInitialiseItem
 .text.vListInsertEnd
                0x08001778       0x16 CMakeFiles/V2.elf.dir/Drivers/FreeRTOS_M4_gcc/src/list.c.obj
                0x08001778                vListInsertEnd
 .text.vListInsert
                0x0800178e       0x32 CMakeFiles/V2.elf.dir/Drivers/FreeRTOS_M4_gcc/src/list.c.obj
                0x0800178e                vListInsert
 .text.uxListRemove
                0x080017c0       0x26 CMakeFiles/V2.elf.dir/Drivers/FreeRTOS_M4_gcc/src/list.c.obj
                0x080017c0                uxListRemove
 .text.prvIsQueueEmpty
                0x080017e6       0x1a CMakeFiles/V2.elf.dir/Drivers/FreeRTOS_M4_gcc/src/queue.c.obj
 .text.prvCopyDataFromQueue
                0x08001800       0x24 CMakeFiles/V2.elf.dir/Drivers/FreeRTOS_M4_gcc/src/queue.c.obj
 .text.prvUnlockQueue
                0x08001824       0x6e CMakeFiles/V2.elf.dir/Drivers/FreeRTOS_M4_gcc/src/queue.c.obj
 .text.xQueueGenericReset
                0x08001892       0xaa CMakeFiles/V2.elf.dir/Drivers/FreeRTOS_M4_gcc/src/queue.c.obj
                0x08001892                xQueueGenericReset
 .text.prvInitialiseNewQueue
                0x0800193c       0x22 CMakeFiles/V2.elf.dir/Drivers/FreeRTOS_M4_gcc/src/queue.c.obj
 .text.xQueueGenericCreate
                0x0800195e       0x56 CMakeFiles/V2.elf.dir/Drivers/FreeRTOS_M4_gcc/src/queue.c.obj
                0x0800195e                xQueueGenericCreate
 .text.xQueueReceive
                0x080019b4      0x15e CMakeFiles/V2.elf.dir/Drivers/FreeRTOS_M4_gcc/src/queue.c.obj
                0x080019b4                xQueueReceive
 *fill*         0x08001b12        0x2 
 .text.vQueueAddToRegistry
                0x08001b14       0x60 CMakeFiles/V2.elf.dir/Drivers/FreeRTOS_M4_gcc/src/queue.c.obj
                0x08001b14                vQueueAddToRegistry
 .text.vQueueWaitForMessageRestricted
                0x08001b74       0x52 CMakeFiles/V2.elf.dir/Drivers/FreeRTOS_M4_gcc/src/queue.c.obj
                0x08001b74                vQueueWaitForMessageRestricted
 *fill*         0x08001bc6        0x2 
 .text.prvResetNextTaskUnblockTime
                0x08001bc8       0x28 CMakeFiles/V2.elf.dir/Drivers/FreeRTOS_M4_gcc/src/tasks.c.obj
 .text.prvDeleteTCB
                0x08001bf0       0x12 CMakeFiles/V2.elf.dir/Drivers/FreeRTOS_M4_gcc/src/tasks.c.obj
 .text.prvInitialiseNewTask
                0x08001c02       0x90 CMakeFiles/V2.elf.dir/Drivers/FreeRTOS_M4_gcc/src/tasks.c.obj
 *fill*         0x08001c92        0x2 
 .text.prvInitialiseTaskLists
                0x08001c94       0x68 CMakeFiles/V2.elf.dir/Drivers/FreeRTOS_M4_gcc/src/tasks.c.obj
 .text.prvAddNewTaskToReadyList
                0x08001cfc       0xc8 CMakeFiles/V2.elf.dir/Drivers/FreeRTOS_M4_gcc/src/tasks.c.obj
 .text.prvCheckTasksWaitingTermination
                0x08001dc4       0x4c CMakeFiles/V2.elf.dir/Drivers/FreeRTOS_M4_gcc/src/tasks.c.obj
 .text.prvIdleTask
                0x08001e10       0x28 CMakeFiles/V2.elf.dir/Drivers/FreeRTOS_M4_gcc/src/tasks.c.obj
 .text.prvAddCurrentTaskToDelayedList
                0x08001e38       0xb4 CMakeFiles/V2.elf.dir/Drivers/FreeRTOS_M4_gcc/src/tasks.c.obj
 .text.xTaskCreate
                0x08001eec       0x6c CMakeFiles/V2.elf.dir/Drivers/FreeRTOS_M4_gcc/src/tasks.c.obj
                0x08001eec                xTaskCreate
 .text.vTaskDelete
                0x08001f58       0xe8 CMakeFiles/V2.elf.dir/Drivers/FreeRTOS_M4_gcc/src/tasks.c.obj
                0x08001f58                vTaskDelete
 .text.vTaskStartScheduler
                0x08002040       0x8c CMakeFiles/V2.elf.dir/Drivers/FreeRTOS_M4_gcc/src/tasks.c.obj
                0x08002040                vTaskStartScheduler
 .text.vTaskSuspendAll
                0x080020cc       0x10 CMakeFiles/V2.elf.dir/Drivers/FreeRTOS_M4_gcc/src/tasks.c.obj
                0x080020cc                vTaskSuspendAll
 .text.xTaskGetTickCount
                0x080020dc        0xc CMakeFiles/V2.elf.dir/Drivers/FreeRTOS_M4_gcc/src/tasks.c.obj
                0x080020dc                xTaskGetTickCount
 .text.xTaskIncrementTick
                0x080020e8      0x178 CMakeFiles/V2.elf.dir/Drivers/FreeRTOS_M4_gcc/src/tasks.c.obj
                0x080020e8                xTaskIncrementTick
 .text.xTaskResumeAll
                0x08002260      0x14c CMakeFiles/V2.elf.dir/Drivers/FreeRTOS_M4_gcc/src/tasks.c.obj
                0x08002260                xTaskResumeAll
 .text.xTaskDelayUntil
                0x080023ac       0xb0 CMakeFiles/V2.elf.dir/Drivers/FreeRTOS_M4_gcc/src/tasks.c.obj
                0x080023ac                xTaskDelayUntil
 .text.vTaskDelay
                0x0800245c       0x4c CMakeFiles/V2.elf.dir/Drivers/FreeRTOS_M4_gcc/src/tasks.c.obj
                0x0800245c                vTaskDelay
 .text.vTaskSwitchContext
                0x080024a8       0x98 CMakeFiles/V2.elf.dir/Drivers/FreeRTOS_M4_gcc/src/tasks.c.obj
                0x080024a8                vTaskSwitchContext
 .text.vTaskPlaceOnEventList
                0x08002540       0x30 CMakeFiles/V2.elf.dir/Drivers/FreeRTOS_M4_gcc/src/tasks.c.obj
                0x08002540                vTaskPlaceOnEventList
 .text.vTaskPlaceOnEventListRestricted
                0x08002570       0x54 CMakeFiles/V2.elf.dir/Drivers/FreeRTOS_M4_gcc/src/tasks.c.obj
                0x08002570                vTaskPlaceOnEventListRestricted
 .text.xTaskRemoveFromEventList
                0x080025c4       0xf0 CMakeFiles/V2.elf.dir/Drivers/FreeRTOS_M4_gcc/src/tasks.c.obj
                0x080025c4                xTaskRemoveFromEventList
 .text.vTaskInternalSetTimeOutState
                0x080026b4       0x18 CMakeFiles/V2.elf.dir/Drivers/FreeRTOS_M4_gcc/src/tasks.c.obj
                0x080026b4                vTaskInternalSetTimeOutState
 .text.xTaskCheckForTimeOut
                0x080026cc       0x88 CMakeFiles/V2.elf.dir/Drivers/FreeRTOS_M4_gcc/src/tasks.c.obj
                0x080026cc                xTaskCheckForTimeOut
 .text.vTaskMissedYield
                0x08002754        0xc CMakeFiles/V2.elf.dir/Drivers/FreeRTOS_M4_gcc/src/tasks.c.obj
                0x08002754                vTaskMissedYield
 .text.xTaskGetSchedulerState
                0x08002760       0x20 CMakeFiles/V2.elf.dir/Drivers/FreeRTOS_M4_gcc/src/tasks.c.obj
                0x08002760                xTaskGetSchedulerState
 .text.ulTaskGenericNotifyTake
                0x08002780       0xac CMakeFiles/V2.elf.dir/Drivers/FreeRTOS_M4_gcc/src/tasks.c.obj
                0x08002780                ulTaskGenericNotifyTake
 .text.xTaskGenericNotifyWait
                0x0800282c       0xd0 CMakeFiles/V2.elf.dir/Drivers/FreeRTOS_M4_gcc/src/tasks.c.obj
                0x0800282c                xTaskGenericNotifyWait
 .text.xTaskGenericNotifyFromISR
                0x080028fc      0x1bc CMakeFiles/V2.elf.dir/Drivers/FreeRTOS_M4_gcc/src/tasks.c.obj
                0x080028fc                xTaskGenericNotifyFromISR
 .text.vTaskGenericNotifyGiveFromISR
                0x08002ab8      0x138 CMakeFiles/V2.elf.dir/Drivers/FreeRTOS_M4_gcc/src/tasks.c.obj
                0x08002ab8                vTaskGenericNotifyGiveFromISR
 .text.prvGetNextExpireTime
                0x08002bf0       0x20 CMakeFiles/V2.elf.dir/Drivers/FreeRTOS_M4_gcc/src/timers.c.obj
 .text.prvInsertTimerInActiveList
                0x08002c10       0x48 CMakeFiles/V2.elf.dir/Drivers/FreeRTOS_M4_gcc/src/timers.c.obj
 .text.prvReloadTimer
                0x08002c58       0x28 CMakeFiles/V2.elf.dir/Drivers/FreeRTOS_M4_gcc/src/timers.c.obj
 .text.prvProcessExpiredTimer
                0x08002c80       0x40 CMakeFiles/V2.elf.dir/Drivers/FreeRTOS_M4_gcc/src/timers.c.obj
 .text.prvSwitchTimerLists
                0x08002cc0       0x30 CMakeFiles/V2.elf.dir/Drivers/FreeRTOS_M4_gcc/src/timers.c.obj
 .text.prvSampleTimeNow
                0x08002cf0       0x2c CMakeFiles/V2.elf.dir/Drivers/FreeRTOS_M4_gcc/src/timers.c.obj
 .text.prvProcessTimerOrBlockTask
                0x08002d1c       0x74 CMakeFiles/V2.elf.dir/Drivers/FreeRTOS_M4_gcc/src/timers.c.obj
 .text.prvProcessReceivedCommands
                0x08002d90       0xf0 CMakeFiles/V2.elf.dir/Drivers/FreeRTOS_M4_gcc/src/timers.c.obj
 .text.prvTimerTask
                0x08002e80       0x16 CMakeFiles/V2.elf.dir/Drivers/FreeRTOS_M4_gcc/src/timers.c.obj
 *fill*         0x08002e96        0x2 
 .text.prvCheckForValidListAndQueue
                0x08002e98       0x5c CMakeFiles/V2.elf.dir/Drivers/FreeRTOS_M4_gcc/src/timers.c.obj
 .text.xTimerCreateTimerTask
                0x08002ef4       0x50 CMakeFiles/V2.elf.dir/Drivers/FreeRTOS_M4_gcc/src/timers.c.obj
                0x08002ef4                xTimerCreateTimerTask
 .text.HAL_Init
                0x08002f44       0x34 CMakeFiles/V2.elf.dir/Drivers/STM32F4xx_HAL_Driver/Src/stm32f4xx_hal.c.obj
                0x08002f44                HAL_Init
 .text.HAL_IncTick
                0x08002f78       0x18 CMakeFiles/V2.elf.dir/Drivers/STM32F4xx_HAL_Driver/Src/stm32f4xx_hal.c.obj
                0x08002f78                HAL_IncTick
 .text.HAL_GetTick
                0x08002f90        0xc CMakeFiles/V2.elf.dir/Drivers/STM32F4xx_HAL_Driver/Src/stm32f4xx_hal.c.obj
                0x08002f90                HAL_GetTick
 .text.HAL_Delay
                0x08002f9c       0x28 CMakeFiles/V2.elf.dir/Drivers/STM32F4xx_HAL_Driver/Src/stm32f4xx_hal.c.obj
                0x08002f9c                HAL_Delay
 .text.HAL_NVIC_SetPriorityGrouping
                0x08002fc4       0x24 CMakeFiles/V2.elf.dir/Drivers/STM32F4xx_HAL_Driver/Src/stm32f4xx_hal_cortex.c.obj
                0x08002fc4                HAL_NVIC_SetPriorityGrouping
 .text.HAL_NVIC_SetPriority
                0x08002fe8       0x70 CMakeFiles/V2.elf.dir/Drivers/STM32F4xx_HAL_Driver/Src/stm32f4xx_hal_cortex.c.obj
                0x08002fe8                HAL_NVIC_SetPriority
 .text.HAL_NVIC_EnableIRQ
                0x08003058       0x1c CMakeFiles/V2.elf.dir/Drivers/STM32F4xx_HAL_Driver/Src/stm32f4xx_hal_cortex.c.obj
                0x08003058                HAL_NVIC_EnableIRQ
 .text.HAL_DMA_Abort
                0x08003074       0x94 CMakeFiles/V2.elf.dir/Drivers/STM32F4xx_HAL_Driver/Src/stm32f4xx_hal_dma.c.obj
                0x08003074                HAL_DMA_Abort
 .text.HAL_DMA_Abort_IT
                0x08003108       0x26 CMakeFiles/V2.elf.dir/Drivers/STM32F4xx_HAL_Driver/Src/stm32f4xx_hal_dma.c.obj
                0x08003108                HAL_DMA_Abort_IT
 *fill*         0x0800312e        0x2 
 .text.HAL_GPIO_Init
                0x08003130      0x1c0 CMakeFiles/V2.elf.dir/Drivers/STM32F4xx_HAL_Driver/Src/stm32f4xx_hal_gpio.c.obj
                0x08003130                HAL_GPIO_Init
 .text.HAL_GPIO_ReadPin
                0x080032f0        0xe CMakeFiles/V2.elf.dir/Drivers/STM32F4xx_HAL_Driver/Src/stm32f4xx_hal_gpio.c.obj
                0x080032f0                HAL_GPIO_ReadPin
 .text.HAL_GPIO_WritePin
                0x080032fe        0xc CMakeFiles/V2.elf.dir/Drivers/STM32F4xx_HAL_Driver/Src/stm32f4xx_hal_gpio.c.obj
                0x080032fe                HAL_GPIO_WritePin
 .text.HAL_GPIO_TogglePin
                0x0800330a       0x12 CMakeFiles/V2.elf.dir/Drivers/STM32F4xx_HAL_Driver/Src/stm32f4xx_hal_gpio.c.obj
                0x0800330a                HAL_GPIO_TogglePin
 .text.I2C_IsAcknowledgeFailed
                0x0800331c       0x32 CMakeFiles/V2.elf.dir/Drivers/STM32F4xx_HAL_Driver/Src/stm32f4xx_hal_i2c.c.obj
 .text.I2C_WaitOnFlagUntilTimeout
                0x0800334e       0xaa CMakeFiles/V2.elf.dir/Drivers/STM32F4xx_HAL_Driver/Src/stm32f4xx_hal_i2c.c.obj
 .text.I2C_WaitOnMasterAddressFlagUntilTimeout
                0x080033f8       0xd6 CMakeFiles/V2.elf.dir/Drivers/STM32F4xx_HAL_Driver/Src/stm32f4xx_hal_i2c.c.obj
 *fill*         0x080034ce        0x2 
 .text.I2C_MasterRequestWrite
                0x080034d0       0xb4 CMakeFiles/V2.elf.dir/Drivers/STM32F4xx_HAL_Driver/Src/stm32f4xx_hal_i2c.c.obj
 .text.I2C_WaitOnTXEFlagUntilTimeout
                0x08003584       0x5e CMakeFiles/V2.elf.dir/Drivers/STM32F4xx_HAL_Driver/Src/stm32f4xx_hal_i2c.c.obj
 .text.I2C_WaitOnBTFFlagUntilTimeout
                0x080035e2       0x5e CMakeFiles/V2.elf.dir/Drivers/STM32F4xx_HAL_Driver/Src/stm32f4xx_hal_i2c.c.obj
 .text.HAL_I2C_Init
                0x08003640      0x1bc CMakeFiles/V2.elf.dir/Drivers/STM32F4xx_HAL_Driver/Src/stm32f4xx_hal_i2c.c.obj
                0x08003640                HAL_I2C_Init
 .text.HAL_I2C_Master_Transmit
                0x080037fc      0x178 CMakeFiles/V2.elf.dir/Drivers/STM32F4xx_HAL_Driver/Src/stm32f4xx_hal_i2c.c.obj
                0x080037fc                HAL_I2C_Master_Transmit
 .text.HAL_RCC_OscConfig
                0x08003974      0x3f8 CMakeFiles/V2.elf.dir/Drivers/STM32F4xx_HAL_Driver/Src/stm32f4xx_hal_rcc.c.obj
                0x08003974                HAL_RCC_OscConfig
 .text.HAL_RCC_GetSysClockFreq
                0x08003d6c       0xa4 CMakeFiles/V2.elf.dir/Drivers/STM32F4xx_HAL_Driver/Src/stm32f4xx_hal_rcc.c.obj
                0x08003d6c                HAL_RCC_GetSysClockFreq
 .text.HAL_RCC_ClockConfig
                0x08003e10      0x160 CMakeFiles/V2.elf.dir/Drivers/STM32F4xx_HAL_Driver/Src/stm32f4xx_hal_rcc.c.obj
                0x08003e10                HAL_RCC_ClockConfig
 .text.HAL_RCC_GetHCLKFreq
                0x08003f70        0xc CMakeFiles/V2.elf.dir/Drivers/STM32F4xx_HAL_Driver/Src/stm32f4xx_hal_rcc.c.obj
                0x08003f70                HAL_RCC_GetHCLKFreq
 .text.HAL_RCC_GetPCLK1Freq
                0x08003f7c       0x20 CMakeFiles/V2.elf.dir/Drivers/STM32F4xx_HAL_Driver/Src/stm32f4xx_hal_rcc.c.obj
                0x08003f7c                HAL_RCC_GetPCLK1Freq
 .text.HAL_RCC_GetPCLK2Freq
                0x08003f9c       0x20 CMakeFiles/V2.elf.dir/Drivers/STM32F4xx_HAL_Driver/Src/stm32f4xx_hal_rcc.c.obj
                0x08003f9c                HAL_RCC_GetPCLK2Freq
 .text.HAL_RCC_GetClockConfig
                0x08003fbc       0x3c CMakeFiles/V2.elf.dir/Drivers/STM32F4xx_HAL_Driver/Src/stm32f4xx_hal_rcc.c.obj
                0x08003fbc                HAL_RCC_GetClockConfig
 .text.TIM_OC1_SetConfig
                0x08003ff8       0x5c CMakeFiles/V2.elf.dir/Drivers/STM32F4xx_HAL_Driver/Src/stm32f4xx_hal_tim.c.obj
 .text.TIM_OC3_SetConfig
                0x08004054       0x64 CMakeFiles/V2.elf.dir/Drivers/STM32F4xx_HAL_Driver/Src/stm32f4xx_hal_tim.c.obj
 .text.TIM_OC4_SetConfig
                0x080040b8       0x48 CMakeFiles/V2.elf.dir/Drivers/STM32F4xx_HAL_Driver/Src/stm32f4xx_hal_tim.c.obj
 .text.TIM_TI1_ConfigInputStage
                0x08004100       0x26 CMakeFiles/V2.elf.dir/Drivers/STM32F4xx_HAL_Driver/Src/stm32f4xx_hal_tim.c.obj
 .text.TIM_TI2_ConfigInputStage
                0x08004126       0x28 CMakeFiles/V2.elf.dir/Drivers/STM32F4xx_HAL_Driver/Src/stm32f4xx_hal_tim.c.obj
 .text.TIM_ITRx_SetConfig
                0x0800414e       0x10 CMakeFiles/V2.elf.dir/Drivers/STM32F4xx_HAL_Driver/Src/stm32f4xx_hal_tim.c.obj
 *fill*         0x0800415e        0x2 
 .text.HAL_TIM_Base_Start_IT
                0x08004160       0x78 CMakeFiles/V2.elf.dir/Drivers/STM32F4xx_HAL_Driver/Src/stm32f4xx_hal_tim.c.obj
                0x08004160                HAL_TIM_Base_Start_IT
 .text.HAL_TIM_PWM_MspInit
                0x080041d8        0x2 CMakeFiles/V2.elf.dir/Drivers/STM32F4xx_HAL_Driver/Src/stm32f4xx_hal_tim.c.obj
                0x080041d8                HAL_TIM_PWM_MspInit
 .text.HAL_TIM_OC_DelayElapsedCallback
                0x080041da        0x2 CMakeFiles/V2.elf.dir/Drivers/STM32F4xx_HAL_Driver/Src/stm32f4xx_hal_tim.c.obj
                0x080041da                HAL_TIM_OC_DelayElapsedCallback
 .text.HAL_TIM_IC_CaptureCallback
                0x080041dc        0x2 CMakeFiles/V2.elf.dir/Drivers/STM32F4xx_HAL_Driver/Src/stm32f4xx_hal_tim.c.obj
                0x080041dc                HAL_TIM_IC_CaptureCallback
 .text.HAL_TIM_TriggerCallback
                0x080041de        0x2 CMakeFiles/V2.elf.dir/Drivers/STM32F4xx_HAL_Driver/Src/stm32f4xx_hal_tim.c.obj
                0x080041de                HAL_TIM_TriggerCallback
 .text.HAL_TIM_IRQHandler
                0x080041e0      0x15e CMakeFiles/V2.elf.dir/Drivers/STM32F4xx_HAL_Driver/Src/stm32f4xx_hal_tim.c.obj
                0x080041e0                HAL_TIM_IRQHandler
 *fill*         0x0800433e        0x2 
 .text.TIM_Base_SetConfig
                0x08004340       0xac CMakeFiles/V2.elf.dir/Drivers/STM32F4xx_HAL_Driver/Src/stm32f4xx_hal_tim.c.obj
                0x08004340                TIM_Base_SetConfig
 .text.HAL_TIM_Base_Init
                0x080043ec       0x58 CMakeFiles/V2.elf.dir/Drivers/STM32F4xx_HAL_Driver/Src/stm32f4xx_hal_tim.c.obj
                0x080043ec                HAL_TIM_Base_Init
 .text.HAL_TIM_PWM_Init
                0x08004444       0x58 CMakeFiles/V2.elf.dir/Drivers/STM32F4xx_HAL_Driver/Src/stm32f4xx_hal_tim.c.obj
                0x08004444                HAL_TIM_PWM_Init
 .text.TIM_OC2_SetConfig
                0x0800449c       0x64 CMakeFiles/V2.elf.dir/Drivers/STM32F4xx_HAL_Driver/Src/stm32f4xx_hal_tim.c.obj
                0x0800449c                TIM_OC2_SetConfig
 .text.HAL_TIM_PWM_ConfigChannel
                0x08004500       0xdc CMakeFiles/V2.elf.dir/Drivers/STM32F4xx_HAL_Driver/Src/stm32f4xx_hal_tim.c.obj
                0x08004500                HAL_TIM_PWM_ConfigChannel
 .text.TIM_ETR_SetConfig
                0x080045dc       0x1a CMakeFiles/V2.elf.dir/Drivers/STM32F4xx_HAL_Driver/Src/stm32f4xx_hal_tim.c.obj
                0x080045dc                TIM_ETR_SetConfig
 .text.HAL_TIM_ConfigClockSource
                0x080045f6       0xfe CMakeFiles/V2.elf.dir/Drivers/STM32F4xx_HAL_Driver/Src/stm32f4xx_hal_tim.c.obj
                0x080045f6                HAL_TIM_ConfigClockSource
 .text.TIM_CCxChannelCmd
                0x080046f4       0x1e CMakeFiles/V2.elf.dir/Drivers/STM32F4xx_HAL_Driver/Src/stm32f4xx_hal_tim.c.obj
                0x080046f4                TIM_CCxChannelCmd
 *fill*         0x08004712        0x2 
 .text.HAL_TIM_PWM_Stop
                0x08004714       0x84 CMakeFiles/V2.elf.dir/Drivers/STM32F4xx_HAL_Driver/Src/stm32f4xx_hal_tim.c.obj
                0x08004714                HAL_TIM_PWM_Stop
 .text.HAL_TIM_PWM_Start_IT
                0x08004798      0x138 CMakeFiles/V2.elf.dir/Drivers/STM32F4xx_HAL_Driver/Src/stm32f4xx_hal_tim.c.obj
                0x08004798                HAL_TIM_PWM_Start_IT
 .text.HAL_TIM_PWM_Stop_IT
                0x080048d0       0xd4 CMakeFiles/V2.elf.dir/Drivers/STM32F4xx_HAL_Driver/Src/stm32f4xx_hal_tim.c.obj
                0x080048d0                HAL_TIM_PWM_Stop_IT
 .text.HAL_TIMEx_MasterConfigSynchronization
                0x080049a4       0x7c CMakeFiles/V2.elf.dir/Drivers/STM32F4xx_HAL_Driver/Src/stm32f4xx_hal_tim_ex.c.obj
                0x080049a4                HAL_TIMEx_MasterConfigSynchronization
 .text.HAL_TIMEx_ConfigBreakDeadTime
                0x08004a20       0x52 CMakeFiles/V2.elf.dir/Drivers/STM32F4xx_HAL_Driver/Src/stm32f4xx_hal_tim_ex.c.obj
                0x08004a20                HAL_TIMEx_ConfigBreakDeadTime
 .text.HAL_TIMEx_CommutCallback
                0x08004a72        0x2 CMakeFiles/V2.elf.dir/Drivers/STM32F4xx_HAL_Driver/Src/stm32f4xx_hal_tim_ex.c.obj
                0x08004a72                HAL_TIMEx_CommutCallback
 .text.HAL_TIMEx_BreakCallback
                0x08004a74        0x2 CMakeFiles/V2.elf.dir/Drivers/STM32F4xx_HAL_Driver/Src/stm32f4xx_hal_tim_ex.c.obj
                0x08004a74                HAL_TIMEx_BreakCallback
 .text.UART_EndRxTransfer
                0x08004a76       0x5c CMakeFiles/V2.elf.dir/Drivers/STM32F4xx_HAL_Driver/Src/stm32f4xx_hal_uart.c.obj
 .text.UART_Transmit_IT
                0x08004ad2       0x60 CMakeFiles/V2.elf.dir/Drivers/STM32F4xx_HAL_Driver/Src/stm32f4xx_hal_uart.c.obj
 *fill*         0x08004b32        0x2 
 .text.UART_SetConfig
                0x08004b34      0x110 CMakeFiles/V2.elf.dir/Drivers/STM32F4xx_HAL_Driver/Src/stm32f4xx_hal_uart.c.obj
 .text.UART_WaitOnFlagUntilTimeout
                0x08004c44       0x8a CMakeFiles/V2.elf.dir/Drivers/STM32F4xx_HAL_Driver/Src/stm32f4xx_hal_uart.c.obj
 .text.HAL_UART_Init
                0x08004cce       0x60 CMakeFiles/V2.elf.dir/Drivers/STM32F4xx_HAL_Driver/Src/stm32f4xx_hal_uart.c.obj
                0x08004cce                HAL_UART_Init
 .text.HAL_UART_Transmit
                0x08004d2e       0xcc CMakeFiles/V2.elf.dir/Drivers/STM32F4xx_HAL_Driver/Src/stm32f4xx_hal_uart.c.obj
                0x08004d2e                HAL_UART_Transmit
 .text.HAL_UART_TxCpltCallback
                0x08004dfa        0x2 CMakeFiles/V2.elf.dir/Drivers/STM32F4xx_HAL_Driver/Src/stm32f4xx_hal_uart.c.obj
                0x08004dfa                HAL_UART_TxCpltCallback
 .text.UART_EndTransmit_IT
                0x08004dfc       0x1a CMakeFiles/V2.elf.dir/Drivers/STM32F4xx_HAL_Driver/Src/stm32f4xx_hal_uart.c.obj
 .text.HAL_UART_ErrorCallback
                0x08004e16        0x2 CMakeFiles/V2.elf.dir/Drivers/STM32F4xx_HAL_Driver/Src/stm32f4xx_hal_uart.c.obj
                0x08004e16                HAL_UART_ErrorCallback
 .text.UART_DMAAbortOnError
                0x08004e18       0x10 CMakeFiles/V2.elf.dir/Drivers/STM32F4xx_HAL_Driver/Src/stm32f4xx_hal_uart.c.obj
 .text.HAL_UARTEx_RxEventCallback
                0x08004e28        0x2 CMakeFiles/V2.elf.dir/Drivers/STM32F4xx_HAL_Driver/Src/stm32f4xx_hal_uart.c.obj
                0x08004e28                HAL_UARTEx_RxEventCallback
 .text.UART_Receive_IT
                0x08004e2a       0xe6 CMakeFiles/V2.elf.dir/Drivers/STM32F4xx_HAL_Driver/Src/stm32f4xx_hal_uart.c.obj
 .text.HAL_UART_IRQHandler
                0x08004f10      0x288 CMakeFiles/V2.elf.dir/Drivers/STM32F4xx_HAL_Driver/Src/stm32f4xx_hal_uart.c.obj
                0x08004f10                HAL_UART_IRQHandler
 .text.UART_Start_Receive_IT
                0x08005198       0x36 CMakeFiles/V2.elf.dir/Drivers/STM32F4xx_HAL_Driver/Src/stm32f4xx_hal_uart.c.obj
                0x08005198                UART_Start_Receive_IT
 .text.HAL_UART_Receive_IT
                0x080051ce       0x26 CMakeFiles/V2.elf.dir/Drivers/STM32F4xx_HAL_Driver/Src/stm32f4xx_hal_uart.c.obj
                0x080051ce                HAL_UART_Receive_IT
 .text.u8g2_send_tile_row
                0x080051f4       0x20 CMakeFiles/V2.elf.dir/Drivers/bsp/oled_u8g2_hw_iic/csrc/u8g2_buffer.c.obj
 .text.u8g2_send_buffer
                0x08005214       0x34 CMakeFiles/V2.elf.dir/Drivers/bsp/oled_u8g2_hw_iic/csrc/u8g2_buffer.c.obj
 .text.u8g2_ClearBuffer
                0x08005248       0x1a CMakeFiles/V2.elf.dir/Drivers/bsp/oled_u8g2_hw_iic/csrc/u8g2_buffer.c.obj
                0x08005248                u8g2_ClearBuffer
 .text.u8g2_SendBuffer
                0x08005262       0x10 CMakeFiles/V2.elf.dir/Drivers/bsp/oled_u8g2_hw_iic/csrc/u8g2_buffer.c.obj
                0x08005262                u8g2_SendBuffer
 *fill*         0x08005272        0x2 
 .text.u8g2_m_16_8_f
                0x08005274        0xc CMakeFiles/V2.elf.dir/Drivers/bsp/oled_u8g2_hw_iic/csrc/u8g2_d_memory.c.obj
                0x08005274                u8g2_m_16_8_f
 .text.u8g2_Setup_ssd1306_i2c_128x64_noname_f
                0x08005280       0x3c CMakeFiles/V2.elf.dir/Drivers/bsp/oled_u8g2_hw_iic/csrc/u8g2_d_setup.c.obj
                0x08005280                u8g2_Setup_ssd1306_i2c_128x64_noname_f
 .text.u8g2_font_get_byte
                0x080052bc        0x4 CMakeFiles/V2.elf.dir/Drivers/bsp/oled_u8g2_hw_iic/csrc/u8g2_font.c.obj
 .text.u8g2_font_get_word
                0x080052c0        0xe CMakeFiles/V2.elf.dir/Drivers/bsp/oled_u8g2_hw_iic/csrc/u8g2_font.c.obj
 .text.u8g2_font_calc_vref_font
                0x080052ce        0x4 CMakeFiles/V2.elf.dir/Drivers/bsp/oled_u8g2_hw_iic/csrc/u8g2_font.c.obj
                0x080052ce                u8g2_font_calc_vref_font
 .text.u8g2_read_font_info
                0x080052d2       0xd0 CMakeFiles/V2.elf.dir/Drivers/bsp/oled_u8g2_hw_iic/csrc/u8g2_font.c.obj
                0x080052d2                u8g2_read_font_info
 .text.u8g2_font_decode_get_unsigned_bits
                0x080053a2       0x48 CMakeFiles/V2.elf.dir/Drivers/bsp/oled_u8g2_hw_iic/csrc/u8g2_font.c.obj
                0x080053a2                u8g2_font_decode_get_unsigned_bits
 .text.u8g2_font_setup_decode
                0x080053ea       0x40 CMakeFiles/V2.elf.dir/Drivers/bsp/oled_u8g2_hw_iic/csrc/u8g2_font.c.obj
 .text.u8g2_font_decode_get_signed_bits
                0x0800542a       0x18 CMakeFiles/V2.elf.dir/Drivers/bsp/oled_u8g2_hw_iic/csrc/u8g2_font.c.obj
                0x0800542a                u8g2_font_decode_get_signed_bits
 .text.u8g2_add_vector_y
                0x08005442       0x22 CMakeFiles/V2.elf.dir/Drivers/bsp/oled_u8g2_hw_iic/csrc/u8g2_font.c.obj
                0x08005442                u8g2_add_vector_y
 .text.u8g2_add_vector_x
                0x08005464       0x22 CMakeFiles/V2.elf.dir/Drivers/bsp/oled_u8g2_hw_iic/csrc/u8g2_font.c.obj
                0x08005464                u8g2_add_vector_x
 .text.u8g2_font_decode_len
                0x08005486       0xca CMakeFiles/V2.elf.dir/Drivers/bsp/oled_u8g2_hw_iic/csrc/u8g2_font.c.obj
                0x08005486                u8g2_font_decode_len
 .text.u8g2_font_decode_glyph
                0x08005550      0x14e CMakeFiles/V2.elf.dir/Drivers/bsp/oled_u8g2_hw_iic/csrc/u8g2_font.c.obj
                0x08005550                u8g2_font_decode_glyph
 .text.u8g2_font_get_glyph_data
                0x0800569e       0x74 CMakeFiles/V2.elf.dir/Drivers/bsp/oled_u8g2_hw_iic/csrc/u8g2_font.c.obj
                0x0800569e                u8g2_font_get_glyph_data
 .text.u8g2_font_draw_glyph
                0x08005712       0x24 CMakeFiles/V2.elf.dir/Drivers/bsp/oled_u8g2_hw_iic/csrc/u8g2_font.c.obj
 .text.u8g2_DrawGlyph
                0x08005736       0x4e CMakeFiles/V2.elf.dir/Drivers/bsp/oled_u8g2_hw_iic/csrc/u8g2_font.c.obj
                0x08005736                u8g2_DrawGlyph
 .text.u8g2_draw_string
                0x08005784       0x7c CMakeFiles/V2.elf.dir/Drivers/bsp/oled_u8g2_hw_iic/csrc/u8g2_font.c.obj
 .text.u8g2_DrawStr
                0x08005800       0x10 CMakeFiles/V2.elf.dir/Drivers/bsp/oled_u8g2_hw_iic/csrc/u8g2_font.c.obj
                0x08005800                u8g2_DrawStr
 .text.u8g2_UpdateRefHeight
                0x08005810       0x62 CMakeFiles/V2.elf.dir/Drivers/bsp/oled_u8g2_hw_iic/csrc/u8g2_font.c.obj
                0x08005810                u8g2_UpdateRefHeight
 *fill*         0x08005872        0x2 
 .text.u8g2_SetFontPosBaseline
                0x08005874        0xc CMakeFiles/V2.elf.dir/Drivers/bsp/oled_u8g2_hw_iic/csrc/u8g2_font.c.obj
                0x08005874                u8g2_SetFontPosBaseline
 .text.u8g2_SetFont
                0x08005880       0x1c CMakeFiles/V2.elf.dir/Drivers/bsp/oled_u8g2_hw_iic/csrc/u8g2_font.c.obj
                0x08005880                u8g2_SetFont
 .text.u8g2_SetFontDirection
                0x0800589c        0x6 CMakeFiles/V2.elf.dir/Drivers/bsp/oled_u8g2_hw_iic/csrc/u8g2_font.c.obj
                0x0800589c                u8g2_SetFontDirection
 .text.u8g2_clip_intersection2
                0x080058a2       0x4c CMakeFiles/V2.elf.dir/Drivers/bsp/oled_u8g2_hw_iic/csrc/u8g2_hvline.c.obj
 .text.u8g2_draw_hv_line_2dir
                0x080058ee       0x18 CMakeFiles/V2.elf.dir/Drivers/bsp/oled_u8g2_hw_iic/csrc/u8g2_hvline.c.obj
                0x080058ee                u8g2_draw_hv_line_2dir
 .text.u8g2_DrawHVLine
                0x08005906       0xca CMakeFiles/V2.elf.dir/Drivers/bsp/oled_u8g2_hw_iic/csrc/u8g2_hvline.c.obj
                0x08005906                u8g2_DrawHVLine
 .text.u8g2_is_intersection_decision_tree
                0x080059d0       0x2c CMakeFiles/V2.elf.dir/Drivers/bsp/oled_u8g2_hw_iic/csrc/u8g2_intersection.c.obj
                0x080059d0                u8g2_is_intersection_decision_tree
 .text.u8g2_IsIntersection
                0x080059fc       0x2c CMakeFiles/V2.elf.dir/Drivers/bsp/oled_u8g2_hw_iic/csrc/u8g2_intersection.c.obj
                0x080059fc                u8g2_IsIntersection
 .text.u8g2_ll_hvline_vertical_top_lsb
                0x08005a28       0xa6 CMakeFiles/V2.elf.dir/Drivers/bsp/oled_u8g2_hw_iic/csrc/u8g2_ll_hvline.c.obj
                0x08005a28                u8g2_ll_hvline_vertical_top_lsb
 .text.u8g2_update_dimension_common
                0x08005ace       0x52 CMakeFiles/V2.elf.dir/Drivers/bsp/oled_u8g2_hw_iic/csrc/u8g2_setup.c.obj
 .text.u8g2_update_dimension_r0
                0x08005b20        0x8 CMakeFiles/V2.elf.dir/Drivers/bsp/oled_u8g2_hw_iic/csrc/u8g2_setup.c.obj
                0x08005b20                u8g2_update_dimension_r0
 .text.u8g2_apply_clip_window
                0x08005b28       0x70 CMakeFiles/V2.elf.dir/Drivers/bsp/oled_u8g2_hw_iic/csrc/u8g2_setup.c.obj
 .text.u8g2_update_page_win_r0
                0x08005b98       0x26 CMakeFiles/V2.elf.dir/Drivers/bsp/oled_u8g2_hw_iic/csrc/u8g2_setup.c.obj
                0x08005b98                u8g2_update_page_win_r0
 .text.u8g2_draw_l90_r0
                0x08005bbe       0x12 CMakeFiles/V2.elf.dir/Drivers/bsp/oled_u8g2_hw_iic/csrc/u8g2_setup.c.obj
                0x08005bbe                u8g2_draw_l90_r0
 .text.u8g2_SetMaxClipWindow
                0x08005bd0       0x20 CMakeFiles/V2.elf.dir/Drivers/bsp/oled_u8g2_hw_iic/csrc/u8g2_setup.c.obj
                0x08005bd0                u8g2_SetMaxClipWindow
 .text.u8g2_SetupBuffer
                0x08005bf0       0x40 CMakeFiles/V2.elf.dir/Drivers/bsp/oled_u8g2_hw_iic/csrc/u8g2_setup.c.obj
                0x08005bf0                u8g2_SetupBuffer
 .text.u8x8_ascii_next
                0x08005c30       0x16 CMakeFiles/V2.elf.dir/Drivers/bsp/oled_u8g2_hw_iic/csrc/u8x8_8x8.c.obj
                0x08005c30                u8x8_ascii_next
 .text.u8x8_utf8_init
                0x08005c46        0x8 CMakeFiles/V2.elf.dir/Drivers/bsp/oled_u8g2_hw_iic/csrc/u8x8_8x8.c.obj
                0x08005c46                u8x8_utf8_init
 .text.u8x8_byte_SendBytes
                0x08005c4e        0xe CMakeFiles/V2.elf.dir/Drivers/bsp/oled_u8g2_hw_iic/csrc/u8x8_byte.c.obj
                0x08005c4e                u8x8_byte_SendBytes
 .text.u8x8_byte_SendByte
                0x08005c5c       0x18 CMakeFiles/V2.elf.dir/Drivers/bsp/oled_u8g2_hw_iic/csrc/u8x8_byte.c.obj
                0x08005c5c                u8x8_byte_SendByte
 .text.u8x8_byte_StartTransfer
                0x08005c74        0xe CMakeFiles/V2.elf.dir/Drivers/bsp/oled_u8g2_hw_iic/csrc/u8x8_byte.c.obj
                0x08005c74                u8x8_byte_StartTransfer
 .text.u8x8_byte_EndTransfer
                0x08005c82        0xe CMakeFiles/V2.elf.dir/Drivers/bsp/oled_u8g2_hw_iic/csrc/u8x8_byte.c.obj
                0x08005c82                u8x8_byte_EndTransfer
 .text.u8x8_i2c_data_transfer
                0x08005c90       0x28 CMakeFiles/V2.elf.dir/Drivers/bsp/oled_u8g2_hw_iic/csrc/u8x8_cad.c.obj
 .text.u8x8_cad_SendCmd
                0x08005cb8        0xe CMakeFiles/V2.elf.dir/Drivers/bsp/oled_u8g2_hw_iic/csrc/u8x8_cad.c.obj
                0x08005cb8                u8x8_cad_SendCmd
 .text.u8x8_cad_SendArg
                0x08005cc6        0xe CMakeFiles/V2.elf.dir/Drivers/bsp/oled_u8g2_hw_iic/csrc/u8x8_cad.c.obj
                0x08005cc6                u8x8_cad_SendArg
 .text.u8x8_cad_SendData
                0x08005cd4        0xe CMakeFiles/V2.elf.dir/Drivers/bsp/oled_u8g2_hw_iic/csrc/u8x8_cad.c.obj
                0x08005cd4                u8x8_cad_SendData
 .text.u8x8_cad_StartTransfer
                0x08005ce2        0xe CMakeFiles/V2.elf.dir/Drivers/bsp/oled_u8g2_hw_iic/csrc/u8x8_cad.c.obj
                0x08005ce2                u8x8_cad_StartTransfer
 .text.u8x8_cad_EndTransfer
                0x08005cf0        0xe CMakeFiles/V2.elf.dir/Drivers/bsp/oled_u8g2_hw_iic/csrc/u8x8_cad.c.obj
                0x08005cf0                u8x8_cad_EndTransfer
 .text.u8x8_cad_SendSequence
                0x08005cfe       0x72 CMakeFiles/V2.elf.dir/Drivers/bsp/oled_u8g2_hw_iic/csrc/u8x8_cad.c.obj
                0x08005cfe                u8x8_cad_SendSequence
 .text.u8x8_cad_ssd13xx_fast_i2c
                0x08005d70       0xc8 CMakeFiles/V2.elf.dir/Drivers/bsp/oled_u8g2_hw_iic/csrc/u8x8_cad.c.obj
                0x08005d70                u8x8_cad_ssd13xx_fast_i2c
 .text.u8x8_d_ssd1306_sh1106_generic
                0x08005e38       0xe4 CMakeFiles/V2.elf.dir/Drivers/bsp/oled_u8g2_hw_iic/csrc/u8x8_d_ssd1306_128x64_noname.c.obj
 .text.u8x8_d_ssd1306_128x64_noname
                0x08005f1c       0x40 CMakeFiles/V2.elf.dir/Drivers/bsp/oled_u8g2_hw_iic/csrc/u8x8_d_ssd1306_128x64_noname.c.obj
                0x08005f1c                u8x8_d_ssd1306_128x64_noname
 .text.u8x8_d_helper_display_setup_memory
                0x08005f5c        0xa CMakeFiles/V2.elf.dir/Drivers/bsp/oled_u8g2_hw_iic/csrc/u8x8_display.c.obj
                0x08005f5c                u8x8_d_helper_display_setup_memory
 .text.u8x8_d_helper_display_init
                0x08005f66       0x5e CMakeFiles/V2.elf.dir/Drivers/bsp/oled_u8g2_hw_iic/csrc/u8x8_display.c.obj
                0x08005f66                u8x8_d_helper_display_init
 .text.u8x8_DrawTile
                0x08005fc4       0x22 CMakeFiles/V2.elf.dir/Drivers/bsp/oled_u8g2_hw_iic/csrc/u8x8_display.c.obj
                0x08005fc4                u8x8_DrawTile
 .text.u8x8_SetupMemory
                0x08005fe6        0xe CMakeFiles/V2.elf.dir/Drivers/bsp/oled_u8g2_hw_iic/csrc/u8x8_display.c.obj
                0x08005fe6                u8x8_SetupMemory
 .text.u8x8_InitDisplay
                0x08005ff4        0xe CMakeFiles/V2.elf.dir/Drivers/bsp/oled_u8g2_hw_iic/csrc/u8x8_display.c.obj
                0x08005ff4                u8x8_InitDisplay
 .text.u8x8_SetPowerSave
                0x08006002        0xe CMakeFiles/V2.elf.dir/Drivers/bsp/oled_u8g2_hw_iic/csrc/u8x8_display.c.obj
                0x08006002                u8x8_SetPowerSave
 .text.u8x8_RefreshDisplay
                0x08006010        0xe CMakeFiles/V2.elf.dir/Drivers/bsp/oled_u8g2_hw_iic/csrc/u8x8_display.c.obj
                0x08006010                u8x8_RefreshDisplay
 .text.u8x8_gpio_call
                0x0800601e        0xa CMakeFiles/V2.elf.dir/Drivers/bsp/oled_u8g2_hw_iic/csrc/u8x8_gpio.c.obj
                0x0800601e                u8x8_gpio_call
 .text.u8x8_dummy_cb
                0x08006028        0x4 CMakeFiles/V2.elf.dir/Drivers/bsp/oled_u8g2_hw_iic/csrc/u8x8_setup.c.obj
                0x08006028                u8x8_dummy_cb
 .text.u8x8_SetupDefaults
                0x0800602c       0x28 CMakeFiles/V2.elf.dir/Drivers/bsp/oled_u8g2_hw_iic/csrc/u8x8_setup.c.obj
                0x0800602c                u8x8_SetupDefaults
 .text.u8x8_Setup
                0x08006054       0x20 CMakeFiles/V2.elf.dir/Drivers/bsp/oled_u8g2_hw_iic/csrc/u8x8_setup.c.obj
                0x08006054                u8x8_Setup
 .text.u8x8_byte_hw_i2c
                0x08006074       0x88 CMakeFiles/V2.elf.dir/Drivers/bsp/oled_u8g2_hw_iic/oled_driver/oled.c.obj
                0x08006074                u8x8_byte_hw_i2c
 .text.u8x8_gpio_and_delay
                0x080060fc       0x80 CMakeFiles/V2.elf.dir/Drivers/bsp/oled_u8g2_hw_iic/oled_driver/oled.c.obj
                0x080060fc                u8x8_gpio_and_delay
 .text.u8g2Init
                0x0800617c       0x30 CMakeFiles/V2.elf.dir/Drivers/bsp/oled_u8g2_hw_iic/oled_driver/oled.c.obj
                0x0800617c                u8g2Init
 .text.OLED_Task
                0x080061ac       0x88 CMakeFiles/V2.elf.dir/Drivers/bsp/task/App/app_task.c.obj
                0x080061ac                OLED_Task
 .text.Camer_Snapshot_Task
                0x08006234       0x48 CMakeFiles/V2.elf.dir/Drivers/bsp/task/App/app_task.c.obj
                0x08006234                Camer_Snapshot_Task
 .text.App_Init_Task_Init
                0x0800627c       0x2c CMakeFiles/V2.elf.dir/Drivers/bsp/task/App/app_task.c.obj
                0x0800627c                App_Init_Task_Init
 .text.App_Run_Task_Init
                0x080062a8      0x13c CMakeFiles/V2.elf.dir/Drivers/bsp/task/App/app_task.c.obj
                0x080062a8                App_Run_Task_Init
 .text.Motor5_Init_Task
                0x080063e4      0x214 CMakeFiles/V2.elf.dir/Drivers/bsp/task/Motor/motor_task.c.obj
                0x080063e4                Motor5_Init_Task
 .text.Motor2_Init_Task
                0x080065f8      0x164 CMakeFiles/V2.elf.dir/Drivers/bsp/task/Motor/motor_task.c.obj
                0x080065f8                Motor2_Init_Task
 .text.Motor3_Init_Task
                0x0800675c      0x164 CMakeFiles/V2.elf.dir/Drivers/bsp/task/Motor/motor_task.c.obj
                0x0800675c                Motor3_Init_Task
 .text.Motor4_Init_Task
                0x080068c0      0x118 CMakeFiles/V2.elf.dir/Drivers/bsp/task/Motor/motor_task.c.obj
                0x080068c0                Motor4_Init_Task
 .text.Motor6_Init_Task
                0x080069d8       0x68 CMakeFiles/V2.elf.dir/Drivers/bsp/task/Motor/motor_task.c.obj
                0x080069d8                Motor6_Init_Task
 .text.Motor1_Init_Task
                0x08006a40       0xd4 CMakeFiles/V2.elf.dir/Drivers/bsp/task/Motor/motor_task.c.obj
                0x08006a40                Motor1_Init_Task
 .text.Pulse_Limit
                0x08006b14       0x16 CMakeFiles/V2.elf.dir/Drivers/bsp/task/Motor/motor_task.c.obj
                0x08006b14                Pulse_Limit
 *fill*         0x08006b2a        0x2 
 .text.Motor1_Run_Task
                0x08006b2c       0x48 CMakeFiles/V2.elf.dir/Drivers/bsp/task/Motor/motor_task.c.obj
                0x08006b2c                Motor1_Run_Task
 .text.Motor2_Run_Task
                0x08006b74       0x48 CMakeFiles/V2.elf.dir/Drivers/bsp/task/Motor/motor_task.c.obj
                0x08006b74                Motor2_Run_Task
 .text.Motor3_Run_Task
                0x08006bbc       0x58 CMakeFiles/V2.elf.dir/Drivers/bsp/task/Motor/motor_task.c.obj
                0x08006bbc                Motor3_Run_Task
 .text.Motor4_Run_Task
                0x08006c14       0x58 CMakeFiles/V2.elf.dir/Drivers/bsp/task/Motor/motor_task.c.obj
                0x08006c14                Motor4_Run_Task
 .text.Motor5_Run_Task
                0x08006c6c       0x58 CMakeFiles/V2.elf.dir/Drivers/bsp/task/Motor/motor_task.c.obj
                0x08006c6c                Motor5_Run_Task
 .text.Motor6_Run_Task
                0x08006cc4       0x58 CMakeFiles/V2.elf.dir/Drivers/bsp/task/Motor/motor_task.c.obj
                0x08006cc4                Motor6_Run_Task
 .text.HAL_TIM_PWM_PulseFinishedCallback
                0x08006d1c      0x284 CMakeFiles/V2.elf.dir/Drivers/bsp/task/Timer/timer_task.c.obj
                0x08006d1c                HAL_TIM_PWM_PulseFinishedCallback
 .text.HAL_UART_RxCpltCallback
                0x08006fa0      0x11c CMakeFiles/V2.elf.dir/Drivers/bsp/task/Usart/usart_task.c.obj
                0x08006fa0                HAL_UART_RxCpltCallback
 .text.extractNumbers
                0x080070bc       0x60 CMakeFiles/V2.elf.dir/Drivers/bsp/task/Usart/usart_task.c.obj
                0x080070bc                extractNumbers
 .text.USART1_Task
                0x0800711c      0x1fc CMakeFiles/V2.elf.dir/Drivers/bsp/task/Usart/usart_task.c.obj
                0x0800711c                USART1_Task
 .text.invtran  0x08007318       0xc4 CMakeFiles/V2.elf.dir/Drivers/bsp/task/kinematics/kinematics_task.c.obj
                0x08007318                invtran
 .text.pos2tran
                0x080073dc      0x366 CMakeFiles/V2.elf.dir/Drivers/bsp/task/kinematics/kinematics_task.c.obj
                0x080073dc                pos2tran
 .text.DH1line  0x08007742      0x12c CMakeFiles/V2.elf.dir/Drivers/bsp/task/kinematics/kinematics_task.c.obj
                0x08007742                DH1line
 .text.MatrixMultiply
                0x0800786e       0x6e CMakeFiles/V2.elf.dir/Drivers/bsp/task/kinematics/kinematics_task.c.obj
                0x0800786e                MatrixMultiply
 .text.MatrixScale
                0x080078dc       0x36 CMakeFiles/V2.elf.dir/Drivers/bsp/task/kinematics/kinematics_task.c.obj
                0x080078dc                MatrixScale
 *fill*         0x08007912        0x6 
 .text.InverseK
                0x08007918      0x5d0 CMakeFiles/V2.elf.dir/Drivers/bsp/task/kinematics/kinematics_task.c.obj
                0x08007918                InverseK
 .text.Kinematics_IK_Task
                0x08007ee8      0x160 CMakeFiles/V2.elf.dir/Drivers/bsp/task/kinematics/kinematics_task.c.obj
                0x08007ee8                Kinematics_IK_Task
 .text.MX_GPIO_Init
                0x08008048      0x158 CMakeFiles/V2.elf.dir/Src/gpio.c.obj
                0x08008048                MX_GPIO_Init
 .text.MX_I2C1_Init
                0x080081a0       0x3c CMakeFiles/V2.elf.dir/Src/i2c.c.obj
                0x080081a0                MX_I2C1_Init
 .text.HAL_I2C_MspInit
                0x080081dc       0x70 CMakeFiles/V2.elf.dir/Src/i2c.c.obj
                0x080081dc                HAL_I2C_MspInit
 .text.__io_putchar
                0x0800824c       0x20 CMakeFiles/V2.elf.dir/Src/main.c.obj
                0x0800824c                __io_putchar
 .text.HAL_TIM_PeriodElapsedCallback
                0x0800826c       0x5c CMakeFiles/V2.elf.dir/Src/main.c.obj
                0x0800826c                HAL_TIM_PeriodElapsedCallback
 .text.Error_Handler
                0x080082c8        0x4 CMakeFiles/V2.elf.dir/Src/main.c.obj
                0x080082c8                Error_Handler
 .text.SystemClock_Config
                0x080082cc       0xa0 CMakeFiles/V2.elf.dir/Src/main.c.obj
                0x080082cc                SystemClock_Config
 .text.main     0x0800836c       0xc4 CMakeFiles/V2.elf.dir/Src/main.c.obj
                0x0800836c                main
 .text.HAL_MspInit
                0x08008430       0x38 CMakeFiles/V2.elf.dir/Src/stm32f4xx_hal_msp.c.obj
                0x08008430                HAL_MspInit
 .text.HAL_InitTick
                0x08008468       0x98 CMakeFiles/V2.elf.dir/Src/stm32f4xx_hal_timebase_tim.c.obj
                0x08008468                HAL_InitTick
 .text.NMI_Handler
                0x08008500        0x2 CMakeFiles/V2.elf.dir/Src/stm32f4xx_it.c.obj
                0x08008500                NMI_Handler
 .text.HardFault_Handler
                0x08008502        0x2 CMakeFiles/V2.elf.dir/Src/stm32f4xx_it.c.obj
                0x08008502                HardFault_Handler
 .text.MemManage_Handler
                0x08008504        0x2 CMakeFiles/V2.elf.dir/Src/stm32f4xx_it.c.obj
                0x08008504                MemManage_Handler
 .text.BusFault_Handler
                0x08008506        0x2 CMakeFiles/V2.elf.dir/Src/stm32f4xx_it.c.obj
                0x08008506                BusFault_Handler
 .text.UsageFault_Handler
                0x08008508        0x2 CMakeFiles/V2.elf.dir/Src/stm32f4xx_it.c.obj
                0x08008508                UsageFault_Handler
 .text.DebugMon_Handler
                0x0800850a        0x2 CMakeFiles/V2.elf.dir/Src/stm32f4xx_it.c.obj
                0x0800850a                DebugMon_Handler
 .text.SysTick_Handler
                0x0800850c       0x12 CMakeFiles/V2.elf.dir/Src/stm32f4xx_it.c.obj
                0x0800850c                SysTick_Handler
 *fill*         0x0800851e        0x2 
 .text.TIM1_BRK_TIM9_IRQHandler
                0x08008520       0x18 CMakeFiles/V2.elf.dir/Src/stm32f4xx_it.c.obj
                0x08008520                TIM1_BRK_TIM9_IRQHandler
 .text.TIM1_UP_TIM10_IRQHandler
                0x08008538       0x18 CMakeFiles/V2.elf.dir/Src/stm32f4xx_it.c.obj
                0x08008538                TIM1_UP_TIM10_IRQHandler
 .text.TIM1_TRG_COM_TIM11_IRQHandler
                0x08008550       0x18 CMakeFiles/V2.elf.dir/Src/stm32f4xx_it.c.obj
                0x08008550                TIM1_TRG_COM_TIM11_IRQHandler
 .text.TIM1_CC_IRQHandler
                0x08008568       0x10 CMakeFiles/V2.elf.dir/Src/stm32f4xx_it.c.obj
                0x08008568                TIM1_CC_IRQHandler
 .text.TIM2_IRQHandler
                0x08008578       0x10 CMakeFiles/V2.elf.dir/Src/stm32f4xx_it.c.obj
                0x08008578                TIM2_IRQHandler
 .text.TIM3_IRQHandler
                0x08008588       0x10 CMakeFiles/V2.elf.dir/Src/stm32f4xx_it.c.obj
                0x08008588                TIM3_IRQHandler
 .text.TIM4_IRQHandler
                0x08008598       0x10 CMakeFiles/V2.elf.dir/Src/stm32f4xx_it.c.obj
                0x08008598                TIM4_IRQHandler
 .text.USART1_IRQHandler
                0x080085a8       0x10 CMakeFiles/V2.elf.dir/Src/stm32f4xx_it.c.obj
                0x080085a8                USART1_IRQHandler
 .text.TIM5_IRQHandler
                0x080085b8       0x10 CMakeFiles/V2.elf.dir/Src/stm32f4xx_it.c.obj
                0x080085b8                TIM5_IRQHandler
 .text.USART6_IRQHandler
                0x080085c8       0x10 CMakeFiles/V2.elf.dir/Src/stm32f4xx_it.c.obj
                0x080085c8                USART6_IRQHandler
 .text._getpid  0x080085d8        0x4 CMakeFiles/V2.elf.dir/Src/syscalls.c.obj
                0x080085d8                _getpid
 .text._kill    0x080085dc       0x10 CMakeFiles/V2.elf.dir/Src/syscalls.c.obj
                0x080085dc                _kill
 .text._exit    0x080085ec        0xc CMakeFiles/V2.elf.dir/Src/syscalls.c.obj
                0x080085ec                _exit
 .text._read    0x080085f8       0x20 CMakeFiles/V2.elf.dir/Src/syscalls.c.obj
                0x080085f8                _read
 .text._write   0x08008618       0x1c CMakeFiles/V2.elf.dir/Src/syscalls.c.obj
                0x08008618                _write
 .text._close   0x08008634        0x6 CMakeFiles/V2.elf.dir/Src/syscalls.c.obj
                0x08008634                _close
 .text._fstat   0x0800863a        0xa CMakeFiles/V2.elf.dir/Src/syscalls.c.obj
                0x0800863a                _fstat
 .text._isatty  0x08008644        0x4 CMakeFiles/V2.elf.dir/Src/syscalls.c.obj
                0x08008644                _isatty
 .text._lseek   0x08008648        0x4 CMakeFiles/V2.elf.dir/Src/syscalls.c.obj
                0x08008648                _lseek
 .text._sbrk    0x0800864c       0x48 CMakeFiles/V2.elf.dir/Src/sysmem.c.obj
                0x0800864c                _sbrk
 .text.SystemInit
                0x08008694       0x14 CMakeFiles/V2.elf.dir/Src/system_stm32f4xx.c.obj
                0x08008694                SystemInit
 .text.MX_TIM10_Init
                0x080086a8       0x30 CMakeFiles/V2.elf.dir/Src/tim.c.obj
                0x080086a8                MX_TIM10_Init
 .text.HAL_TIM_Base_MspInit
                0x080086d8      0x1a0 CMakeFiles/V2.elf.dir/Src/tim.c.obj
                0x080086d8                HAL_TIM_Base_MspInit
 .text.HAL_TIM_MspPostInit
                0x08008878      0x180 CMakeFiles/V2.elf.dir/Src/tim.c.obj
                0x08008878                HAL_TIM_MspPostInit
 .text.MX_TIM1_Init
                0x080089f8       0xe8 CMakeFiles/V2.elf.dir/Src/tim.c.obj
                0x080089f8                MX_TIM1_Init
 .text.MX_TIM2_Init
                0x08008ae0       0xac CMakeFiles/V2.elf.dir/Src/tim.c.obj
                0x08008ae0                MX_TIM2_Init
 .text.MX_TIM3_Init
                0x08008b8c       0xb0 CMakeFiles/V2.elf.dir/Src/tim.c.obj
                0x08008b8c                MX_TIM3_Init
 .text.MX_TIM4_Init
                0x08008c3c       0xb0 CMakeFiles/V2.elf.dir/Src/tim.c.obj
                0x08008c3c                MX_TIM4_Init
 .text.MX_TIM5_Init
                0x08008cec       0xb0 CMakeFiles/V2.elf.dir/Src/tim.c.obj
                0x08008cec                MX_TIM5_Init
 .text.MX_TIM9_Init
                0x08008d9c       0x94 CMakeFiles/V2.elf.dir/Src/tim.c.obj
                0x08008d9c                MX_TIM9_Init
 .text.MX_USART1_UART_Init
                0x08008e30       0x34 CMakeFiles/V2.elf.dir/Src/usart.c.obj
                0x08008e30                MX_USART1_UART_Init
 .text.MX_USART6_UART_Init
                0x08008e64       0x34 CMakeFiles/V2.elf.dir/Src/usart.c.obj
                0x08008e64                MX_USART6_UART_Init
 .text.HAL_UART_MspInit
                0x08008e98       0xe4 CMakeFiles/V2.elf.dir/Src/usart.c.obj
                0x08008e98                HAL_UART_MspInit
 .text.Reset_Handler
                0x08008f7c       0x50 CMakeFiles/V2.elf.dir/Startup/startup_stm32f411ceux.s.obj
                0x08008f7c                Reset_Handler
 .text.Default_Handler
                0x08008fcc        0x2 CMakeFiles/V2.elf.dir/Startup/startup_stm32f411ceux.s.obj
                0x08008fcc                DMA2_Stream5_IRQHandler
                0x08008fcc                EXTI1_IRQHandler
                0x08008fcc                DMA2_Stream7_IRQHandler
                0x08008fcc                OTG_FS_WKUP_IRQHandler
                0x08008fcc                SPI2_IRQHandler
                0x08008fcc                EXTI9_5_IRQHandler
                0x08008fcc                SPI1_IRQHandler
                0x08008fcc                PVD_IRQHandler
                0x08008fcc                ADC_IRQHandler
                0x08008fcc                DMA1_Stream6_IRQHandler
                0x08008fcc                DMA1_Stream1_IRQHandler
                0x08008fcc                WWDG_IRQHandler
                0x08008fcc                DMA2_Stream0_IRQHandler
                0x08008fcc                I2C3_EV_IRQHandler
                0x08008fcc                SPI4_IRQHandler
                0x08008fcc                DMA1_Stream2_IRQHandler
                0x08008fcc                RCC_IRQHandler
                0x08008fcc                I2C1_ER_IRQHandler
                0x08008fcc                DMA2_Stream3_IRQHandler
                0x08008fcc                DMA2_Stream4_IRQHandler
                0x08008fcc                I2C2_EV_IRQHandler
                0x08008fcc                USART2_IRQHandler
                0x08008fcc                DMA1_Stream0_IRQHandler
                0x08008fcc                DMA1_Stream7_IRQHandler
                0x08008fcc                DMA1_Stream4_IRQHandler
                0x08008fcc                FLASH_IRQHandler
                0x08008fcc                SDIO_IRQHandler
                0x08008fcc                EXTI15_10_IRQHandler
                0x08008fcc                RTC_WKUP_IRQHandler
                0x08008fcc                TAMP_STAMP_IRQHandler
                0x08008fcc                DMA2_Stream6_IRQHandler
                0x08008fcc                Default_Handler
                0x08008fcc                EXTI2_IRQHandler
                0x08008fcc                OTG_FS_IRQHandler
                0x08008fcc                DMA1_Stream5_IRQHandler
                0x08008fcc                I2C3_ER_IRQHandler
                0x08008fcc                EXTI3_IRQHandler
                0x08008fcc                I2C2_ER_IRQHandler
                0x08008fcc                DMA2_Stream2_IRQHandler
                0x08008fcc                DMA2_Stream1_IRQHandler
                0x08008fcc                FPU_IRQHandler
                0x08008fcc                I2C1_EV_IRQHandler
                0x08008fcc                SPI3_IRQHandler
                0x08008fcc                DMA1_Stream3_IRQHandler
                0x08008fcc                SPI5_IRQHandler
                0x08008fcc                EXTI0_IRQHandler
                0x08008fcc                RTC_Alarm_IRQHandler
                0x08008fcc                EXTI4_IRQHandler
 *fill*         0x08008fce        0x2 
 .text.__errno  0x08008fd0        0xc d:/arm-none-eabi-gcc/2021.10/bin/../lib/gcc/arm-none-eabi/10.3.1/../../../../arm-none-eabi/lib/thumb/v7e-m+fp/hard\libg.a(lib_a-errno.o)
                0x08008fd0                __errno
 .text.__libc_init_array
                0x08008fdc       0x48 d:/arm-none-eabi-gcc/2021.10/bin/../lib/gcc/arm-none-eabi/10.3.1/../../../../arm-none-eabi/lib/thumb/v7e-m+fp/hard\libg.a(lib_a-init.o)
                0x08008fdc                __libc_init_array
 .text.memset   0x08009024       0xa4 d:/arm-none-eabi-gcc/2021.10/bin/../lib/gcc/arm-none-eabi/10.3.1/../../../../arm-none-eabi/lib/thumb/v7e-m+fp/hard\libg.a(lib_a-memset.o)
                0x08009024                memset
 .text.printf   0x080090c8       0x28 d:/arm-none-eabi-gcc/2021.10/bin/../lib/gcc/arm-none-eabi/10.3.1/../../../../arm-none-eabi/lib/thumb/v7e-m+fp/hard\libg.a(lib_a-printf.o)
                0x080090c8                printf
 .text._puts_r  0x080090f0       0x9c d:/arm-none-eabi-gcc/2021.10/bin/../lib/gcc/arm-none-eabi/10.3.1/../../../../arm-none-eabi/lib/thumb/v7e-m+fp/hard\libg.a(lib_a-puts.o)
                0x080090f0                _puts_r
 .text.puts     0x0800918c       0x10 d:/arm-none-eabi-gcc/2021.10/bin/../lib/gcc/arm-none-eabi/10.3.1/../../../../arm-none-eabi/lib/thumb/v7e-m+fp/hard\libg.a(lib_a-puts.o)
                0x0800918c                puts
 .text.sprintf  0x0800919c       0x40 d:/arm-none-eabi-gcc/2021.10/bin/../lib/gcc/arm-none-eabi/10.3.1/../../../../arm-none-eabi/lib/thumb/v7e-m+fp/hard\libg.a(lib_a-sprintf.o)
                0x0800919c                sprintf
 *fill*         0x080091dc        0x4 
 .text._svfprintf_r
                0x080091e0     0x1acc d:/arm-none-eabi-gcc/2021.10/bin/../lib/gcc/arm-none-eabi/10.3.1/../../../../arm-none-eabi/lib/thumb/v7e-m+fp/hard\libg.a(lib_a-svfprintf.o)
                0x080091e0                _svfprintf_r
 *fill*         0x0800acac        0x4 
 .text._vfprintf_r
                0x0800acb0     0x1b90 d:/arm-none-eabi-gcc/2021.10/bin/../lib/gcc/arm-none-eabi/10.3.1/../../../../arm-none-eabi/lib/thumb/v7e-m+fp/hard\libg.a(lib_a-vfprintf.o)
                0x0800acb0                _vfprintf_r
 .text.__sbprintf
                0x0800c840       0x80 d:/arm-none-eabi-gcc/2021.10/bin/../lib/gcc/arm-none-eabi/10.3.1/../../../../arm-none-eabi/lib/thumb/v7e-m+fp/hard\libg.a(lib_a-vfprintf.o)
 .text.__swsetup_r
                0x0800c8c0       0xd4 d:/arm-none-eabi-gcc/2021.10/bin/../lib/gcc/arm-none-eabi/10.3.1/../../../../arm-none-eabi/lib/thumb/v7e-m+fp/hard\libg.a(lib_a-wsetup.o)
                0x0800c8c0                __swsetup_r
 .text.startup.register_fini
                0x0800c994       0x14 d:/arm-none-eabi-gcc/2021.10/bin/../lib/gcc/arm-none-eabi/10.3.1/../../../../arm-none-eabi/lib/thumb/v7e-m+fp/hard\libg.a(lib_a-__call_atexit.o)
 .text.atexit   0x0800c9a8        0xc d:/arm-none-eabi-gcc/2021.10/bin/../lib/gcc/arm-none-eabi/10.3.1/../../../../arm-none-eabi/lib/thumb/v7e-m+fp/hard\libg.a(lib_a-atexit.o)
                0x0800c9a8                atexit
 .text.quorem   0x0800c9b4      0x128 d:/arm-none-eabi-gcc/2021.10/bin/../lib/gcc/arm-none-eabi/10.3.1/../../../../arm-none-eabi/lib/thumb/v7e-m+fp/hard\libg.a(lib_a-dtoa.o)
 *fill*         0x0800cadc        0x4 
 .text._dtoa_r  0x0800cae0      0xf3c d:/arm-none-eabi-gcc/2021.10/bin/../lib/gcc/arm-none-eabi/10.3.1/../../../../arm-none-eabi/lib/thumb/v7e-m+fp/hard\libg.a(lib_a-dtoa.o)
                0x0800cae0                _dtoa_r
 .text.__sflush_r
                0x0800da1c      0x130 d:/arm-none-eabi-gcc/2021.10/bin/../lib/gcc/arm-none-eabi/10.3.1/../../../../arm-none-eabi/lib/thumb/v7e-m+fp/hard\libg.a(lib_a-fflush.o)
                0x0800da1c                __sflush_r
 .text._fflush_r
                0x0800db4c       0x5c d:/arm-none-eabi-gcc/2021.10/bin/../lib/gcc/arm-none-eabi/10.3.1/../../../../arm-none-eabi/lib/thumb/v7e-m+fp/hard\libg.a(lib_a-fflush.o)
                0x0800db4c                _fflush_r
 .text._cleanup_r
                0x0800dba8        0xc d:/arm-none-eabi-gcc/2021.10/bin/../lib/gcc/arm-none-eabi/10.3.1/../../../../arm-none-eabi/lib/thumb/v7e-m+fp/hard\libg.a(lib_a-findfp.o)
                0x0800dba8                _cleanup_r
 .text.__sinit  0x0800dbb4      0x10c d:/arm-none-eabi-gcc/2021.10/bin/../lib/gcc/arm-none-eabi/10.3.1/../../../../arm-none-eabi/lib/thumb/v7e-m+fp/hard\libg.a(lib_a-findfp.o)
                0x0800dbb4                __sinit
 .text.__sfp_lock_acquire
                0x0800dcc0        0xc d:/arm-none-eabi-gcc/2021.10/bin/../lib/gcc/arm-none-eabi/10.3.1/../../../../arm-none-eabi/lib/thumb/v7e-m+fp/hard\libg.a(lib_a-findfp.o)
                0x0800dcc0                __sfp_lock_acquire
 .text.__sfp_lock_release
                0x0800dccc        0xc d:/arm-none-eabi-gcc/2021.10/bin/../lib/gcc/arm-none-eabi/10.3.1/../../../../arm-none-eabi/lib/thumb/v7e-m+fp/hard\libg.a(lib_a-findfp.o)
                0x0800dccc                __sfp_lock_release
 .text.__libc_fini_array
                0x0800dcd8       0x2c d:/arm-none-eabi-gcc/2021.10/bin/../lib/gcc/arm-none-eabi/10.3.1/../../../../arm-none-eabi/lib/thumb/v7e-m+fp/hard\libg.a(lib_a-fini.o)
                0x0800dcd8                __libc_fini_array
 .text._malloc_trim_r
                0x0800dd04       0xa0 d:/arm-none-eabi-gcc/2021.10/bin/../lib/gcc/arm-none-eabi/10.3.1/../../../../arm-none-eabi/lib/thumb/v7e-m+fp/hard\libg.a(lib_a-freer.o)
                0x0800dd04                _malloc_trim_r
 .text._free_r  0x0800dda4      0x20c d:/arm-none-eabi-gcc/2021.10/bin/../lib/gcc/arm-none-eabi/10.3.1/../../../../arm-none-eabi/lib/thumb/v7e-m+fp/hard\libg.a(lib_a-freer.o)
                0x0800dda4                _free_r
 .text.__sfvwrite_r
                0x0800dfb0      0x2f0 d:/arm-none-eabi-gcc/2021.10/bin/../lib/gcc/arm-none-eabi/10.3.1/../../../../arm-none-eabi/lib/thumb/v7e-m+fp/hard\libg.a(lib_a-fvwrite.o)
                0x0800dfb0                __sfvwrite_r
 .text._fwalk_reent
                0x0800e2a0       0x48 d:/arm-none-eabi-gcc/2021.10/bin/../lib/gcc/arm-none-eabi/10.3.1/../../../../arm-none-eabi/lib/thumb/v7e-m+fp/hard\libg.a(lib_a-fwalk.o)
                0x0800e2a0                _fwalk_reent
 .text.__locale_mb_cur_max
                0x0800e2e8        0xc d:/arm-none-eabi-gcc/2021.10/bin/../lib/gcc/arm-none-eabi/10.3.1/../../../../arm-none-eabi/lib/thumb/v7e-m+fp/hard\libg.a(lib_a-locale.o)
                0x0800e2e8                __locale_mb_cur_max
 .text._localeconv_r
                0x0800e2f4        0x8 d:/arm-none-eabi-gcc/2021.10/bin/../lib/gcc/arm-none-eabi/10.3.1/../../../../arm-none-eabi/lib/thumb/v7e-m+fp/hard\libg.a(lib_a-localeconv.o)
                0x0800e2f4                _localeconv_r
 .text.__retarget_lock_init_recursive
                0x0800e2fc        0x4 d:/arm-none-eabi-gcc/2021.10/bin/../lib/gcc/arm-none-eabi/10.3.1/../../../../arm-none-eabi/lib/thumb/v7e-m+fp/hard\libg.a(lib_a-lock.o)
                0x0800e2fc                __retarget_lock_init_recursive
 .text.__retarget_lock_close_recursive
                0x0800e300        0x4 d:/arm-none-eabi-gcc/2021.10/bin/../lib/gcc/arm-none-eabi/10.3.1/../../../../arm-none-eabi/lib/thumb/v7e-m+fp/hard\libg.a(lib_a-lock.o)
                0x0800e300                __retarget_lock_close_recursive
 .text.__retarget_lock_acquire_recursive
                0x0800e304        0x4 d:/arm-none-eabi-gcc/2021.10/bin/../lib/gcc/arm-none-eabi/10.3.1/../../../../arm-none-eabi/lib/thumb/v7e-m+fp/hard\libg.a(lib_a-lock.o)
                0x0800e304                __retarget_lock_acquire_recursive
 .text.__retarget_lock_release_recursive
                0x0800e308        0x4 d:/arm-none-eabi-gcc/2021.10/bin/../lib/gcc/arm-none-eabi/10.3.1/../../../../arm-none-eabi/lib/thumb/v7e-m+fp/hard\libg.a(lib_a-lock.o)
                0x0800e308                __retarget_lock_release_recursive
 .text.__smakebuf_r
                0x0800e30c       0xe0 d:/arm-none-eabi-gcc/2021.10/bin/../lib/gcc/arm-none-eabi/10.3.1/../../../../arm-none-eabi/lib/thumb/v7e-m+fp/hard\libg.a(lib_a-makebuf.o)
                0x0800e30c                __smakebuf_r
 .text._malloc_r
                0x0800e3ec      0x560 d:/arm-none-eabi-gcc/2021.10/bin/../lib/gcc/arm-none-eabi/10.3.1/../../../../arm-none-eabi/lib/thumb/v7e-m+fp/hard\libg.a(lib_a-mallocr.o)
                0x0800e3ec                _malloc_r
 .text.__ascii_mbtowc
                0x0800e94c       0x2c d:/arm-none-eabi-gcc/2021.10/bin/../lib/gcc/arm-none-eabi/10.3.1/../../../../arm-none-eabi/lib/thumb/v7e-m+fp/hard\libg.a(lib_a-mbtowc_r.o)
                0x0800e94c                __ascii_mbtowc
 .text.memmove  0x0800e978       0xf8 d:/arm-none-eabi-gcc/2021.10/bin/../lib/gcc/arm-none-eabi/10.3.1/../../../../arm-none-eabi/lib/thumb/v7e-m+fp/hard\libg.a(lib_a-memmove.o)
                0x0800e978                memmove
 .text.__malloc_lock
                0x0800ea70        0xc d:/arm-none-eabi-gcc/2021.10/bin/../lib/gcc/arm-none-eabi/10.3.1/../../../../arm-none-eabi/lib/thumb/v7e-m+fp/hard\libg.a(lib_a-mlock.o)
                0x0800ea70                __malloc_lock
 .text.__malloc_unlock
                0x0800ea7c        0xc d:/arm-none-eabi-gcc/2021.10/bin/../lib/gcc/arm-none-eabi/10.3.1/../../../../arm-none-eabi/lib/thumb/v7e-m+fp/hard\libg.a(lib_a-mlock.o)
                0x0800ea7c                __malloc_unlock
 .text._Balloc  0x0800ea88       0x4c d:/arm-none-eabi-gcc/2021.10/bin/../lib/gcc/arm-none-eabi/10.3.1/../../../../arm-none-eabi/lib/thumb/v7e-m+fp/hard\libg.a(lib_a-mprec.o)
                0x0800ea88                _Balloc
 .text._Bfree   0x0800ead4       0x14 d:/arm-none-eabi-gcc/2021.10/bin/../lib/gcc/arm-none-eabi/10.3.1/../../../../arm-none-eabi/lib/thumb/v7e-m+fp/hard\libg.a(lib_a-mprec.o)
                0x0800ead4                _Bfree
 .text.__multadd
                0x0800eae8       0xa8 d:/arm-none-eabi-gcc/2021.10/bin/../lib/gcc/arm-none-eabi/10.3.1/../../../../arm-none-eabi/lib/thumb/v7e-m+fp/hard\libg.a(lib_a-mprec.o)
                0x0800eae8                __multadd
 .text.__hi0bits
                0x0800eb90       0x40 d:/arm-none-eabi-gcc/2021.10/bin/../lib/gcc/arm-none-eabi/10.3.1/../../../../arm-none-eabi/lib/thumb/v7e-m+fp/hard\libg.a(lib_a-mprec.o)
                0x0800eb90                __hi0bits
 .text.__lo0bits
                0x0800ebd0       0x60 d:/arm-none-eabi-gcc/2021.10/bin/../lib/gcc/arm-none-eabi/10.3.1/../../../../arm-none-eabi/lib/thumb/v7e-m+fp/hard\libg.a(lib_a-mprec.o)
                0x0800ebd0                __lo0bits
 .text.__i2b    0x0800ec30       0x5c d:/arm-none-eabi-gcc/2021.10/bin/../lib/gcc/arm-none-eabi/10.3.1/../../../../arm-none-eabi/lib/thumb/v7e-m+fp/hard\libg.a(lib_a-mprec.o)
                0x0800ec30                __i2b
 .text.__multiply
                0x0800ec8c      0x15c d:/arm-none-eabi-gcc/2021.10/bin/../lib/gcc/arm-none-eabi/10.3.1/../../../../arm-none-eabi/lib/thumb/v7e-m+fp/hard\libg.a(lib_a-mprec.o)
                0x0800ec8c                __multiply
 .text.__pow5mult
                0x0800ede8       0xc0 d:/arm-none-eabi-gcc/2021.10/bin/../lib/gcc/arm-none-eabi/10.3.1/../../../../arm-none-eabi/lib/thumb/v7e-m+fp/hard\libg.a(lib_a-mprec.o)
                0x0800ede8                __pow5mult
 .text.__lshift
                0x0800eea8       0xf0 d:/arm-none-eabi-gcc/2021.10/bin/../lib/gcc/arm-none-eabi/10.3.1/../../../../arm-none-eabi/lib/thumb/v7e-m+fp/hard\libg.a(lib_a-mprec.o)
                0x0800eea8                __lshift
 .text.__mcmp   0x0800ef98       0x44 d:/arm-none-eabi-gcc/2021.10/bin/../lib/gcc/arm-none-eabi/10.3.1/../../../../arm-none-eabi/lib/thumb/v7e-m+fp/hard\libg.a(lib_a-mprec.o)
                0x0800ef98                __mcmp
 .text.__mdiff  0x0800efdc      0x14c d:/arm-none-eabi-gcc/2021.10/bin/../lib/gcc/arm-none-eabi/10.3.1/../../../../arm-none-eabi/lib/thumb/v7e-m+fp/hard\libg.a(lib_a-mprec.o)
                0x0800efdc                __mdiff
 .text.__d2b    0x0800f128       0xd0 d:/arm-none-eabi-gcc/2021.10/bin/../lib/gcc/arm-none-eabi/10.3.1/../../../../arm-none-eabi/lib/thumb/v7e-m+fp/hard\libg.a(lib_a-mprec.o)
                0x0800f128                __d2b
 .text._realloc_r
                0x0800f1f8      0x3d8 d:/arm-none-eabi-gcc/2021.10/bin/../lib/gcc/arm-none-eabi/10.3.1/../../../../arm-none-eabi/lib/thumb/v7e-m+fp/hard\libg.a(lib_a-reallocr.o)
                0x0800f1f8                _realloc_r
 .text.frexp    0x0800f5d0       0x6c d:/arm-none-eabi-gcc/2021.10/bin/../lib/gcc/arm-none-eabi/10.3.1/../../../../arm-none-eabi/lib/thumb/v7e-m+fp/hard\libg.a(lib_a-s_frexp.o)
                0x0800f5d0                frexp
 *fill*         0x0800f63c        0x4 
 .text.nan      0x0800f640       0x10 d:/arm-none-eabi-gcc/2021.10/bin/../lib/gcc/arm-none-eabi/10.3.1/../../../../arm-none-eabi/lib/thumb/v7e-m+fp/hard\libg.a(lib_a-s_nan.o)
                0x0800f640                nan
 .text._sbrk_r  0x0800f650       0x24 d:/arm-none-eabi-gcc/2021.10/bin/../lib/gcc/arm-none-eabi/10.3.1/../../../../arm-none-eabi/lib/thumb/v7e-m+fp/hard\libg.a(lib_a-sbrkr.o)
                0x0800f650                _sbrk_r
 .text.__sread  0x0800f674       0x24 d:/arm-none-eabi-gcc/2021.10/bin/../lib/gcc/arm-none-eabi/10.3.1/../../../../arm-none-eabi/lib/thumb/v7e-m+fp/hard\libg.a(lib_a-stdio.o)
                0x0800f674                __sread
 .text.__swrite
                0x0800f698       0x40 d:/arm-none-eabi-gcc/2021.10/bin/../lib/gcc/arm-none-eabi/10.3.1/../../../../arm-none-eabi/lib/thumb/v7e-m+fp/hard\libg.a(lib_a-stdio.o)
                0x0800f698                __swrite
 .text.__sseek  0x0800f6d8       0x20 d:/arm-none-eabi-gcc/2021.10/bin/../lib/gcc/arm-none-eabi/10.3.1/../../../../arm-none-eabi/lib/thumb/v7e-m+fp/hard\libg.a(lib_a-stdio.o)
                0x0800f6d8                __sseek
 .text.__sclose
                0x0800f6f8        0x8 d:/arm-none-eabi-gcc/2021.10/bin/../lib/gcc/arm-none-eabi/10.3.1/../../../../arm-none-eabi/lib/thumb/v7e-m+fp/hard\libg.a(lib_a-stdio.o)
                0x0800f6f8                __sclose
 .text.strncpy  0x0800f700       0x64 d:/arm-none-eabi-gcc/2021.10/bin/../lib/gcc/arm-none-eabi/10.3.1/../../../../arm-none-eabi/lib/thumb/v7e-m+fp/hard\libg.a(lib_a-strncpy.o)
                0x0800f700                strncpy
 .text.__ssprint_r
                0x0800f764       0xf8 d:/arm-none-eabi-gcc/2021.10/bin/../lib/gcc/arm-none-eabi/10.3.1/../../../../arm-none-eabi/lib/thumb/v7e-m+fp/hard\libg.a(lib_a-svfiprintf.o)
                0x0800f764                __ssprint_r
 .text.__sprint_r.part.0
                0x0800f85c       0x78 d:/arm-none-eabi-gcc/2021.10/bin/../lib/gcc/arm-none-eabi/10.3.1/../../../../arm-none-eabi/lib/thumb/v7e-m+fp/hard\libg.a(lib_a-vfiprintf.o)
 .text.__sprint_r
                0x0800f8d4       0x18 d:/arm-none-eabi-gcc/2021.10/bin/../lib/gcc/arm-none-eabi/10.3.1/../../../../arm-none-eabi/lib/thumb/v7e-m+fp/hard\libg.a(lib_a-vfiprintf.o)
                0x0800f8d4                __sprint_r
 .text._vfiprintf_r
                0x0800f8ec      0xdfc d:/arm-none-eabi-gcc/2021.10/bin/../lib/gcc/arm-none-eabi/10.3.1/../../../../arm-none-eabi/lib/thumb/v7e-m+fp/hard\libg.a(lib_a-vfiprintf.o)
                0x0800f8ec                _vfiprintf_r
 .text.__sbprintf
                0x080106e8       0x80 d:/arm-none-eabi-gcc/2021.10/bin/../lib/gcc/arm-none-eabi/10.3.1/../../../../arm-none-eabi/lib/thumb/v7e-m+fp/hard\libg.a(lib_a-vfiprintf.o)
 .text.__ascii_wctomb
                0x08010768       0x1c d:/arm-none-eabi-gcc/2021.10/bin/../lib/gcc/arm-none-eabi/10.3.1/../../../../arm-none-eabi/lib/thumb/v7e-m+fp/hard\libg.a(lib_a-wctomb_r.o)
                0x08010768                __ascii_wctomb
 .text._write_r
                0x08010784       0x2c d:/arm-none-eabi-gcc/2021.10/bin/../lib/gcc/arm-none-eabi/10.3.1/../../../../arm-none-eabi/lib/thumb/v7e-m+fp/hard\libg.a(lib_a-writer.o)
                0x08010784                _write_r
 .text.__register_exitproc
                0x080107b0       0x8c d:/arm-none-eabi-gcc/2021.10/bin/../lib/gcc/arm-none-eabi/10.3.1/../../../../arm-none-eabi/lib/thumb/v7e-m+fp/hard\libg.a(lib_a-__atexit.o)
                0x080107b0                __register_exitproc
 .text.__assert_func
                0x0801083c       0x40 d:/arm-none-eabi-gcc/2021.10/bin/../lib/gcc/arm-none-eabi/10.3.1/../../../../arm-none-eabi/lib/thumb/v7e-m+fp/hard\libg.a(lib_a-assert.o)
                0x0801083c                __assert_func
 .text._calloc_r
                0x0801087c       0x78 d:/arm-none-eabi-gcc/2021.10/bin/../lib/gcc/arm-none-eabi/10.3.1/../../../../arm-none-eabi/lib/thumb/v7e-m+fp/hard\libg.a(lib_a-callocr.o)
                0x0801087c                _calloc_r
 .text._close_r
                0x080108f4       0x24 d:/arm-none-eabi-gcc/2021.10/bin/../lib/gcc/arm-none-eabi/10.3.1/../../../../arm-none-eabi/lib/thumb/v7e-m+fp/hard\libg.a(lib_a-closer.o)
                0x080108f4                _close_r
 .text._fclose_r
                0x08010918       0xcc d:/arm-none-eabi-gcc/2021.10/bin/../lib/gcc/arm-none-eabi/10.3.1/../../../../arm-none-eabi/lib/thumb/v7e-m+fp/hard\libg.a(lib_a-fclose.o)
                0x08010918                _fclose_r
 .text.fiprintf
                0x080109e4       0x28 d:/arm-none-eabi-gcc/2021.10/bin/../lib/gcc/arm-none-eabi/10.3.1/../../../../arm-none-eabi/lib/thumb/v7e-m+fp/hard\libg.a(lib_a-fiprintf.o)
                0x080109e4                fiprintf
 .text.__fputwc
                0x08010a0c       0xa8 d:/arm-none-eabi-gcc/2021.10/bin/../lib/gcc/arm-none-eabi/10.3.1/../../../../arm-none-eabi/lib/thumb/v7e-m+fp/hard\libg.a(lib_a-fputwc.o)
                0x08010a0c                __fputwc
 .text._fputwc_r
                0x08010ab4       0x68 d:/arm-none-eabi-gcc/2021.10/bin/../lib/gcc/arm-none-eabi/10.3.1/../../../../arm-none-eabi/lib/thumb/v7e-m+fp/hard\libg.a(lib_a-fputwc.o)
                0x08010ab4                _fputwc_r
 .text._fstat_r
                0x08010b1c       0x2c d:/arm-none-eabi-gcc/2021.10/bin/../lib/gcc/arm-none-eabi/10.3.1/../../../../arm-none-eabi/lib/thumb/v7e-m+fp/hard\libg.a(lib_a-fstatr.o)
                0x08010b1c                _fstat_r
 .text._isatty_r
                0x08010b48       0x24 d:/arm-none-eabi-gcc/2021.10/bin/../lib/gcc/arm-none-eabi/10.3.1/../../../../arm-none-eabi/lib/thumb/v7e-m+fp/hard\libg.a(lib_a-isattyr.o)
                0x08010b48                _isatty_r
 .text._lseek_r
                0x08010b6c       0x2c d:/arm-none-eabi-gcc/2021.10/bin/../lib/gcc/arm-none-eabi/10.3.1/../../../../arm-none-eabi/lib/thumb/v7e-m+fp/hard\libg.a(lib_a-lseekr.o)
                0x08010b6c                _lseek_r
 .text._read_r  0x08010b98       0x2c d:/arm-none-eabi-gcc/2021.10/bin/../lib/gcc/arm-none-eabi/10.3.1/../../../../arm-none-eabi/lib/thumb/v7e-m+fp/hard\libg.a(lib_a-readr.o)
                0x08010b98                _read_r
 .text.__swbuf_r
                0x08010bc4       0xb0 d:/arm-none-eabi-gcc/2021.10/bin/../lib/gcc/arm-none-eabi/10.3.1/../../../../arm-none-eabi/lib/thumb/v7e-m+fp/hard\libg.a(lib_a-wbuf.o)
                0x08010bc4                __swbuf_r
 .text._wcrtomb_r
                0x08010c74       0x3c d:/arm-none-eabi-gcc/2021.10/bin/../lib/gcc/arm-none-eabi/10.3.1/../../../../arm-none-eabi/lib/thumb/v7e-m+fp/hard\libg.a(lib_a-wcrtomb.o)
                0x08010c74                _wcrtomb_r
 .text.abort    0x08010cb0       0x10 d:/arm-none-eabi-gcc/2021.10/bin/../lib/gcc/arm-none-eabi/10.3.1/../../../../arm-none-eabi/lib/thumb/v7e-m+fp/hard\libg.a(lib_a-abort.o)
                0x08010cb0                abort
 .text.raise    0x08010cc0       0x5c d:/arm-none-eabi-gcc/2021.10/bin/../lib/gcc/arm-none-eabi/10.3.1/../../../../arm-none-eabi/lib/thumb/v7e-m+fp/hard\libg.a(lib_a-signal.o)
                0x08010cc0                raise
 .text._kill_r  0x08010d1c       0x2c d:/arm-none-eabi-gcc/2021.10/bin/../lib/gcc/arm-none-eabi/10.3.1/../../../../arm-none-eabi/lib/thumb/v7e-m+fp/hard\libg.a(lib_a-signalr.o)
                0x08010d1c                _kill_r
 .text._getpid_r
                0x08010d48        0x4 d:/arm-none-eabi-gcc/2021.10/bin/../lib/gcc/arm-none-eabi/10.3.1/../../../../arm-none-eabi/lib/thumb/v7e-m+fp/hard\libg.a(lib_a-signalr.o)
                0x08010d48                _getpid_r
 *fill*         0x08010d4c        0x4 
 .text.atan     0x08010d50      0x340 d:/arm-none-eabi-gcc/2021.10/bin/../lib/gcc/arm-none-eabi/10.3.1/../../../../arm-none-eabi/lib/thumb/v7e-m+fp/hard\libm.a(lib_a-s_atan.o)
                0x08010d50                atan
 .text.cos      0x08011090       0x90 d:/arm-none-eabi-gcc/2021.10/bin/../lib/gcc/arm-none-eabi/10.3.1/../../../../arm-none-eabi/lib/thumb/v7e-m+fp/hard\libm.a(lib_a-s_cos.o)
                0x08011090                cos
 .text.fabs     0x08011120       0x14 d:/arm-none-eabi-gcc/2021.10/bin/../lib/gcc/arm-none-eabi/10.3.1/../../../../arm-none-eabi/lib/thumb/v7e-m+fp/hard\libm.a(lib_a-s_fabs.o)
                0x08011120                fabs
 *fill*         0x08011134        0x4 
 .text.sin      0x08011138       0x90 d:/arm-none-eabi-gcc/2021.10/bin/../lib/gcc/arm-none-eabi/10.3.1/../../../../arm-none-eabi/lib/thumb/v7e-m+fp/hard\libm.a(lib_a-s_sin.o)
                0x08011138                sin
 .text.acos     0x080111c8       0x68 d:/arm-none-eabi-gcc/2021.10/bin/../lib/gcc/arm-none-eabi/10.3.1/../../../../arm-none-eabi/lib/thumb/v7e-m+fp/hard\libm.a(lib_a-w_acos.o)
                0x080111c8                acos
 .text.atan2    0x08011230        0x4 d:/arm-none-eabi-gcc/2021.10/bin/../lib/gcc/arm-none-eabi/10.3.1/../../../../arm-none-eabi/lib/thumb/v7e-m+fp/hard\libm.a(lib_a-w_atan2.o)
                0x08011230                atan2
 .text.sqrt     0x08011234       0x68 d:/arm-none-eabi-gcc/2021.10/bin/../lib/gcc/arm-none-eabi/10.3.1/../../../../arm-none-eabi/lib/thumb/v7e-m+fp/hard\libm.a(lib_a-w_sqrt.o)
                0x08011234                sqrt
 *fill*         0x0801129c        0x4 
 .text.__ieee754_acos
                0x080112a0      0x4e0 d:/arm-none-eabi-gcc/2021.10/bin/../lib/gcc/arm-none-eabi/10.3.1/../../../../arm-none-eabi/lib/thumb/v7e-m+fp/hard\libm.a(lib_a-e_acos.o)
                0x080112a0                __ieee754_acos
 .text.__ieee754_atan2
                0x08011780      0x1ac d:/arm-none-eabi-gcc/2021.10/bin/../lib/gcc/arm-none-eabi/10.3.1/../../../../arm-none-eabi/lib/thumb/v7e-m+fp/hard\libm.a(lib_a-e_atan2.o)
                0x08011780                __ieee754_atan2
 *fill*         0x0801192c        0x4 
 .text.__ieee754_rem_pio2
                0x08011930      0x44c d:/arm-none-eabi-gcc/2021.10/bin/../lib/gcc/arm-none-eabi/10.3.1/../../../../arm-none-eabi/lib/thumb/v7e-m+fp/hard\libm.a(lib_a-e_rem_pio2.o)
                0x08011930                __ieee754_rem_pio2
 .text.__ieee754_sqrt
                0x08011d7c      0x198 d:/arm-none-eabi-gcc/2021.10/bin/../lib/gcc/arm-none-eabi/10.3.1/../../../../arm-none-eabi/lib/thumb/v7e-m+fp/hard\libm.a(lib_a-e_sqrt.o)
                0x08011d7c                __ieee754_sqrt
 *fill*         0x08011f14        0x4 
 .text.__kernel_cos
                0x08011f18      0x27c d:/arm-none-eabi-gcc/2021.10/bin/../lib/gcc/arm-none-eabi/10.3.1/../../../../arm-none-eabi/lib/thumb/v7e-m+fp/hard\libm.a(lib_a-k_cos.o)
                0x08011f18                __kernel_cos
 *fill*         0x08012194        0x4 
 .text.__kernel_rem_pio2
                0x08012198      0x850 d:/arm-none-eabi-gcc/2021.10/bin/../lib/gcc/arm-none-eabi/10.3.1/../../../../arm-none-eabi/lib/thumb/v7e-m+fp/hard\libm.a(lib_a-k_rem_pio2.o)
                0x08012198                __kernel_rem_pio2
 .text.__kernel_sin
                0x080129e8      0x17c d:/arm-none-eabi-gcc/2021.10/bin/../lib/gcc/arm-none-eabi/10.3.1/../../../../arm-none-eabi/lib/thumb/v7e-m+fp/hard\libm.a(lib_a-k_sin.o)
                0x080129e8                __kernel_sin
 *fill*         0x08012b64        0x4 
 .text.floor    0x08012b68      0x108 d:/arm-none-eabi-gcc/2021.10/bin/../lib/gcc/arm-none-eabi/10.3.1/../../../../arm-none-eabi/lib/thumb/v7e-m+fp/hard\libm.a(lib_a-s_floor.o)
                0x08012b68                floor
 .text.scalbn   0x08012c70      0x124 d:/arm-none-eabi-gcc/2021.10/bin/../lib/gcc/arm-none-eabi/10.3.1/../../../../arm-none-eabi/lib/thumb/v7e-m+fp/hard\libm.a(lib_a-s_scalbn.o)
                0x08012c70                scalbn
 *(.glue_7)
 .glue_7        0x08012d94        0x0 linker stubs
 *(.glue_7t)
 .glue_7t       0x08012d94        0x0 linker stubs
 *(.eh_frame)
 .eh_frame      0x08012d94        0x0 d:/arm-none-eabi-gcc/2021.10/bin/../lib/gcc/arm-none-eabi/10.3.1/thumb/v7e-m+fp/hard/crtbegin.o
 *(.init)
 .init          0x08012d94        0x4 d:/arm-none-eabi-gcc/2021.10/bin/../lib/gcc/arm-none-eabi/10.3.1/thumb/v7e-m+fp/hard/crti.o
                0x08012d94                _init
 .init          0x08012d98        0x8 d:/arm-none-eabi-gcc/2021.10/bin/../lib/gcc/arm-none-eabi/10.3.1/thumb/v7e-m+fp/hard/crtn.o
 *(.fini)
 .fini          0x08012da0        0x4 d:/arm-none-eabi-gcc/2021.10/bin/../lib/gcc/arm-none-eabi/10.3.1/thumb/v7e-m+fp/hard/crti.o
                0x08012da0                _fini
 .fini          0x08012da4        0x8 d:/arm-none-eabi-gcc/2021.10/bin/../lib/gcc/arm-none-eabi/10.3.1/thumb/v7e-m+fp/hard/crtn.o
                0x08012dac                . = ALIGN (0x4)
                0x08012dac                _etext = .

.vfp11_veneer   0x08012dac        0x0
 .vfp11_veneer  0x08012dac        0x0 linker stubs

.v4_bx          0x08012dac        0x0
 .v4_bx         0x08012dac        0x0 linker stubs

.iplt           0x08012dac        0x0
 .iplt          0x08012dac        0x0 d:/arm-none-eabi-gcc/2021.10/bin/../lib/gcc/arm-none-eabi/10.3.1/thumb/v7e-m+fp/hard/crtbegin.o

.rodata         0x08012db0     0x26f8
                0x08012db0                . = ALIGN (0x4)
 *(.rodata)
 .rodata        0x08012db0       0x48 CMakeFiles/V2.elf.dir/Drivers/bsp/task/kinematics/kinematics_task.c.obj
 *(.rodata*)
 .rodata.vTaskStartScheduler.str1.4
                0x08012df8        0x5 CMakeFiles/V2.elf.dir/Drivers/FreeRTOS_M4_gcc/src/tasks.c.obj
 *fill*         0x08012dfd        0x3 
 .rodata.prvCheckForValidListAndQueue.str1.4
                0x08012e00        0x5 CMakeFiles/V2.elf.dir/Drivers/FreeRTOS_M4_gcc/src/timers.c.obj
 *fill*         0x08012e05        0x3 
 .rodata.xTimerCreateTimerTask.str1.4
                0x08012e08        0x8 CMakeFiles/V2.elf.dir/Drivers/FreeRTOS_M4_gcc/src/timers.c.obj
 .rodata.u8g2_font_6x12_tf
                0x08012e10      0x7e9 CMakeFiles/V2.elf.dir/Drivers/bsp/oled_u8g2_hw_iic/csrc/u8g2_fonts.c.obj
                0x08012e10                u8g2_font_6x12_tf
 *fill*         0x080135f9        0x3 
 .rodata.u8g2_font_inb16_mf
                0x080135fc     0x15c4 CMakeFiles/V2.elf.dir/Drivers/bsp/oled_u8g2_hw_iic/csrc/u8g2_fonts.c.obj